                :-) GROMACS - gmx mdrun, 2025.4-conda_forge (-:

Copyright 1991-2025 The GROMACS Authors.
GROMACS is free software; you can redistribute it and/or modify it
under the terms of the GNU Lesser General Public License
as published by the Free Software Foundation; either version 2.1
of the License, or (at your option) any later version.

                         Current GROMACS contributors:
       Mark Abraham           Andrey Alekseenko           Brian Andrews       
      Vladimir Basov              Paul Bauer                Hugh Bird         
      Eliane Briand               Ania Brown              Mahesh Doijade      
      Giacomo Fiorin          Stefan Fleischmann          Sergey Gorelov      
   Gilles Gouaillardet            Alan Gray              M. Eric Irrgang      
   Farzaneh Jalalypour         Petter Johansson          Carsten Kutzner      
    Grzegorz Łazarski         Justin A. Lemkul          Magnus Lundborg      
       Pascal Merz             Vedran Miletić            Dmitry Morozov      
     Lukas Müllender            Julien Nabet             Szilárd Páll      
 Andrea Pasquadibisceglie     Michele Pellegrino         Nicola Piasentin     
     Daniele Rapetti         Muhammad Umair Sadiq         Hubert Santuz       
      Roland Schulz             Michael Shirts           Tatiana Shugaeva     
     Alexey Shvetsov            Philip Turner            Alessandra Villa     
 Sebastian Wingbermühle  

                         Previous GROMACS contributors:
        Emile Apol             Rossen Apostolov           James Barnett       
  Herman J.C. Berendsen         Cathrine Bergh             Par Bjelkmar       
      Christian Blau          Viacheslav Bolnykh            Kevin Boyd        
    Aldert van Buuren          Carlo Camilloni           Rudi van Drunen      
      Anton Feenstra           Oliver Fleetwood            Vytas Gapsys       
       Gaurav Garg             Gerrit Groenhof            Bert de Groot       
      Anca Hamuraru           Vincent Hindriksen          Victor Holanda      
     Aleksei Iupinov              Joe Jordan            Christoph Junghans    
    Prashanth Kanduri        Dimitrios Karkoulis           Peter Kasson       
      Sebastian Kehl           Sebastian Keller             Jiri Kraus        
       Per Larsson              Viveca Lindahl            Erik Marklund       
    Pieter Meulenhoff           Teemu Murtola              Sander Pronk       
      Alfons Sijbers            Balint Soproni         David van der Spoel    
      Peter Tieleman            Carsten Uphoff             Jon Vincent        
     Teemu Virolainen         Christian Wennberg           Maarten Wolf       
      Artem Zhmurov       

                  Coordinated by the GROMACS project leaders:
                           Berk Hess and Erik Lindahl

GROMACS:      gmx mdrun, version 2025.4-conda_forge
Executable:   /usr/local/miniforge/envs/md_env/bin.AVX2_256/gmx_mpi
Data prefix:  /usr/local/miniforge/envs/md_env
Working dir:  /kaggle/working
Process ID:   553
Command line:
  gmx_mpi mdrun -v -deffnm nvt -nb gpu -pme gpu -update gpu

GROMACS version:     2025.4-conda_forge
Precision:           mixed
Memory model:        64 bit
MPI library:         MPI
MPI library version: Open MPI v5.0.8, package: Open MPI conda@e2c916615969 Distribution, ident: 5.0.8, repo rev: v5.0.8, May 30, 2025
OpenMP support:      enabled (GMX_OPENMP_MAX_THREADS = 128)
GPU support:         CUDA
NBNxM GPU setup:     super-cluster 2x2x2 / cluster 8 (cluster-pair splitting on)
SIMD instructions:   AVX2_256
CPU FFT library:     fftw-3.3.11-sse2-avx
GPU FFT library:     cuFFT
Multi-GPU FFT:       none
RDTSCP usage:        disabled
TNG support:         enabled
Hwloc support:       disabled
Tracing support:     disabled
C compiler:          /home/conda/feedstock_root/build_artifacts/gromacs_1764344589150/_build_env/bin/x86_64-conda-linux-gnu-cc GNU 14.3.0
C compiler flags:    -fexcess-precision=fast -funroll-all-loops -mavx2 -mfma -Wno-missing-field-initializers -pthread -O3 -DNDEBUG
C++ compiler:        /home/conda/feedstock_root/build_artifacts/gromacs_1764344589150/_build_env/bin/x86_64-conda-linux-gnu-c++ GNU 14.3.0
C++ compiler flags:  -fexcess-precision=fast -funroll-all-loops -mavx2 -mfma -Wno-missing-field-initializers -pthread -Wno-old-style-cast -Wno-cast-qual -Wno-suggest-override -Wno-suggest-destructor-override -Wno-zero-as-null-pointer-constant -Wno-cast-function-type-strict SHELL:-fopenmp -O3 -DNDEBUG
BLAS library:        Internal
LAPACK library:      Internal
CUDA compiler:       /usr/local/miniforge/envs/md_env/bin/nvcc nvcc: NVIDIA (R) Cuda compiler driver;Copyright (c) 2005-2025 NVIDIA Corporation;Built on Tue_May_27_02:21:03_PDT_2025;Cuda compilation tools, release 12.9, V12.9.86;Build cuda_12.9.r12.9/compiler.36037853_0
CUDA compiler flags: -O3 -DNDEBUG
CUDA driver:         13.0
CUDA runtime:        12.90


Running on 1 node with total 2 cores, 4 processing units, 1 compatible GPU
Hardware detected on host 80c334d6dbee (the node of MPI rank 0):
  CPU info:
    Vendor: Intel
    Brand:  Intel(R) Xeon(R) CPU @ 2.00GHz
    Family: 6   Model: 85   Stepping: 3
    Features: aes apic avx avx2 avx512f avx512cd avx512bw avx512vl avx512secondFMA clfsh cmov cx8 cx16 f16c fma hle htt intel lahf mmx msr nonstop_tsc pcid pclmuldq pdpe1gb popcnt pse rdrnd rdtscp rtm sse2 sse3 sse4.1 sse4.2 ssse3 x2apic
    Number of AVX-512 FMA units: 2
  Hardware topology: Basic
    Packages, cores, and logical processors:
    [indices refer to OS logical processors]
      Package  0: [   0   2] [   1   3]
    CPU limit set by OS: 4   Recommended max number of threads: 4
  GPU info:
    Number of GPUs detected: 1
    #0: NVIDIA Tesla P100-PCIE-16GB, compute cap.: 6.0, ECC: yes, stat: compatible

Likely fastest SIMD instructions supported by all nodes: AVX_512
SIMD instructions selected at compile time:              AVX2_256
Merely a note: it is unfortunately hard to know for sure which SIMD
instructons will perform best on this hardware. For non-GPU runs
on Intel CPUs with dual AVX-512 units, using AVX-512 can be good,
while AVX2 is often better for runs also using a GPU. Typically
this is just a few percent, so don't worry unless you are tuning.

The current CPU can measure timings more accurately than the code in
gmx mdrun was configured to use. This might affect your simulation
speed as accurate timings are needed for load-balancing.
Please consider rebuilding gmx mdrun with the GMX_USE_RDTSCP=ON CMake option.

++++ PLEASE READ AND CITE THE FOLLOWING REFERENCE ++++
M. J. Abraham, T. Murtola, R. Schulz, S. Páll, J. C. Smith, B. Hess, E.
Lindahl
GROMACS: High performance molecular simulations through multi-level
parallelism from laptops to supercomputers
SoftwareX (2015)
DOI: 10.1016/j.softx.2015.06.001
-------- -------- --- Thank You --- -------- --------


++++ PLEASE READ AND CITE THE FOLLOWING REFERENCE ++++
S. Páll, M. J. Abraham, C. Kutzner, B. Hess, E. Lindahl
Tackling Exascale Software Challenges in Molecular Dynamics Simulations with
GROMACS
In S. Markidis & E. Laure (Eds.), Solving Software Challenges for Exascale (2015)
DOI: 10.1007/978-3-319-15976-8_1
-------- -------- --- Thank You --- -------- --------


++++ PLEASE READ AND CITE THE FOLLOWING REFERENCE ++++
S. Pronk, S. Páll, R. Schulz, P. Larsson, P. Bjelkmar, R. Apostolov, M. R.
Shirts, J. C. Smith, P. M. Kasson, D. van der Spoel, B. Hess, E. Lindahl
GROMACS 4.5: a high-throughput and highly parallel open source molecular
simulation toolkit
Bioinformatics (2013)
DOI: 10.1093/bioinformatics/btt055
-------- -------- --- Thank You --- -------- --------


++++ PLEASE READ AND CITE THE FOLLOWING REFERENCE ++++
B. Hess, C. Kutzner, D. van der Spoel, E. Lindahl
GROMACS 4: Algorithms for highly efficient, load-balanced, and scalable
molecular simulation
J. Chem. Theory Comput. (2008)
DOI: 10.1021/ct700301q
-------- -------- --- Thank You --- -------- --------


++++ PLEASE READ AND CITE THE FOLLOWING REFERENCE ++++
D. van der Spoel, E. Lindahl, B. Hess, G. Groenhof, A. E. Mark, H. J. C.
Berendsen
GROMACS: Fast, Flexible and Free
J. Comp. Chem. (2005)
DOI: 10.1002/jcc.20291
-------- -------- --- Thank You --- -------- --------


++++ PLEASE READ AND CITE THE FOLLOWING REFERENCE ++++
E. Lindahl, B. Hess, D. van der Spoel
GROMACS 3.0: A package for molecular simulation and trajectory analysis
J. Mol. Mod. (2001)
DOI: 10.1007/s008940100045
-------- -------- --- Thank You --- -------- --------


++++ PLEASE READ AND CITE THE FOLLOWING REFERENCE ++++
H. J. C. Berendsen, D. van der Spoel and R. van Drunen
GROMACS: A message-passing parallel molecular dynamics implementation
Comp. Phys. Comm. (1995)
DOI: 10.1016/0010-4655(95)00042-E
-------- -------- --- Thank You --- -------- --------

Input Parameters:
   integrator                     = md
   tinit                          = 0
   dt                             = 0.002
   nsteps                         = 500000
   init-step                      = 0
   simulation-part                = 1
   mts                            = false
   mass-repartition-factor        = 1
   comm-mode                      = Linear
   nstcomm                        = 100
   bd-fric                        = 0
   ld-seed                        = -268439553
   emtol                          = 10
   emstep                         = 0.01
   niter                          = 20
   fcstep                         = 0
   nstcgsteep                     = 1000
   nbfgscorr                      = 10
   rtpi                           = 0.05
   nstxout                        = 5000
   nstvout                        = 5000
   nstfout                        = 0
   nstlog                         = 5000
   nstcalcenergy                  = 100
   nstenergy                      = 5000
   nstxout-compressed             = 0
   compressed-x-precision         = 1000
   cutoff-scheme                  = Verlet
   nstlist                        = 10
   pbc                            = xyz
   periodic-molecules             = false
   verlet-buffer-tolerance        = 0.005
   verlet-buffer-pressure-tolerance = 0.5
   rlist                          = 1
   coulombtype                    = PME
   coulomb-modifier               = Potential-shift
   rcoulomb-switch                = 0
   rcoulomb                       = 1
   epsilon-r                      = 1
   epsilon-rf                     = inf
   vdw-type                       = Cut-off
   vdw-modifier                   = Potential-shift
   rvdw-switch                    = 0
   rvdw                           = 1
   DispCorr                       = EnerPres
   table-extension                = 1
   fourierspacing                 = 0.16
   fourier-nx                     = 60
   fourier-ny                     = 60
   fourier-nz                     = 60
   pme-order                      = 4
   ewald-rtol                     = 1e-05
   ewald-rtol-lj                  = 0.001
   lj-pme-comb-rule               = Geometric
   ewald-geometry                 = 3d
   epsilon-surface                = 0
   ensemble-temperature-setting   = constant
   ensemble-temperature           = 300
   tcoupl                         = V-rescale
   nsttcouple                     = 10
   nh-chain-length                = 0
   print-nose-hoover-chain-variables = false
   pcoupl                         = No
   refcoord-scaling               = No
   posres-com: not available
   posres-comB: not available
   QMMM                           = false
qm-opts:
   ngQM                           = 0
   constraint-algorithm           = Lincs
   continuation                   = false
   Shake-SOR                      = false
   shake-tol                      = 0.0001
   lincs-order                    = 4
   lincs-iter                     = 1
   lincs-warnangle                = 30
   nwall                          = 0
   wall-type                      = 9-3
   wall-r-linpot                  = -1
   wall-atomtype[0]               = -1
   wall-atomtype[1]               = -1
   wall-density[0]                = 0
   wall-density[1]                = 0
   wall-ewald-zfac                = 3
   pull                           = false
   awh                            = false
   rotation                       = false
   interactiveMD                  = false
   disre                          = No
   disre-weighting                = Conservative
   disre-mixed                    = false
   dr-fc                          = 1000
   dr-tau                         = 0
   nstdisreout                    = 100
   orire-fc                       = 0
   orire-tau                      = 0
   nstorireout                    = 100
   free-energy                    = no
   cos-acceleration               = 0
   deform (3x3):
      deform[    0]={ 0.00000e+00,  0.00000e+00,  0.00000e+00}
      deform[    1]={ 0.00000e+00,  0.00000e+00,  0.00000e+00}
      deform[    2]={ 0.00000e+00,  0.00000e+00,  0.00000e+00}
   simulated-tempering            = false
   swapcoords                     = no
   userint1                       = 0
   userint2                       = 0
   userint3                       = 0
   userint4                       = 0
   userreal1                      = 0
   userreal2                      = 0
   userreal3                      = 0
   userreal4                      = 0
   applied-forces:
     electric-field:
       x:
         E0                       = 0
         omega                    = 0
         t0                       = 0
         sigma                    = 0
       y:
         E0                       = 0
         omega                    = 0
         t0                       = 0
         sigma                    = 0
       z:
         E0                       = 0
         omega                    = 0
         t0                       = 0
         sigma                    = 0
     density-guided-simulation:
       active                     = false
       group                      = protein
       similarity-measure         = inner-product
       atom-spreading-weight      = unity
       force-constant             = 1e+09
       gaussian-transform-spreading-width = 0.2
       gaussian-transform-spreading-range-in-multiples-of-width = 4
       reference-density-filename = reference.mrc
       nst                        = 1
       normalize-densities        = true
       adaptive-force-scaling     = false
       adaptive-force-scaling-time-constant = 4
       shift-vector               = 
       transformation-matrix      = 
     qmmm-cp2k:
       active                     = false
       qmgroup                    = System
       qmmethod                   = PBE
       qmfilenames                = 
       qmcharge                   = 0
       qmmultiplicity             = 1
     colvars:
       active                     = false
       configfile                 = 
       seed                       = -1
     nnpot:
       active                     = false
       modelfile                  = model.pt
       input-group                = System
       model-input1               = 
       model-input2               = 
       model-input3               = 
       model-input4               = 
grpopts:
   nrdf:     7773.78     98893.2
   ref-t:         300         300
   tau-t:         0.1         0.1
annealing:          No          No
annealing-npoints:           0           0
   acc:	           0           0           0
   nfreeze:           N           N           N
   energygrp-flags[  0]: 0

Changing nstlist from 10 to 100, rlist from 1 to 1.169


Update groups can not be used for this system because atoms that are (in)directly constrained together are interdispersed with other atoms

GPU-aware MPI was not detected, will not use direct GPU communication. Check the GROMACS install guide for recommendations for GPU-aware support. If you are certain about GPU-aware support in your MPI library, you can force its use by setting the GMX_FORCE_GPU_AWARE_MPI environment variable.

Local state does not use filler particles

1 GPU selected for this run.
Mapping of GPU IDs to the 2 GPU tasks in the 1 rank on this node:
  PP:0,PME:0
PP tasks will do (non-perturbed) short-ranged interactions on the GPU
PP task will update and constrain coordinates on the GPU
PME tasks will do all aspects on the GPU
Using 1 MPI process
Using 4 OpenMP threads 

System total charge: 0.000
Will do PME sum in reciprocal space for electrostatic interactions.

++++ PLEASE READ AND CITE THE FOLLOWING REFERENCE ++++
U. Essmann, L. Perera, M. L. Berkowitz, T. Darden, H. Lee, L. G. Pedersen 
A smooth particle mesh Ewald method
J. Chem. Phys. (1995)
DOI: 10.1063/1.470117
-------- -------- --- Thank You --- -------- --------

Using a Gaussian width (1/beta) of 0.320163 nm for Ewald
Potential shift: LJ r^-12: -1.000e+00 r^-6: -1.000e+00, Ewald -1.000e-05
Initialized non-bonded Coulomb Ewald tables, spacing: 9.33e-04 size: 1073

Generated table with 1084 data points for 1-4 COUL.
Tabscale = 500 points/nm
Generated table with 1084 data points for 1-4 LJ6.
Tabscale = 500 points/nm
Generated table with 1084 data points for 1-4 LJ12.
Tabscale = 500 points/nm
Long Range LJ corr.: <C6> 3.1688e-04


Using GPU 8x4 nonbonded short-range kernels

NBNxM GPU setup: super-cluster 2x2x2

Using a dual 8x4 pair-list setup updated with dynamic, rolling pruning:
  outer list: updated every 100 steps, buffer 0.169 nm, rlist 1.169 nm
  inner list: updated every   8 steps, buffer 0.001 nm, rlist 1.001 nm
At tolerance 0.005 kJ/mol/ps per atom, equivalent classical 1x1 list would be:
  outer list: updated every 100 steps, buffer 0.321 nm, rlist 1.321 nm
  inner list: updated every   8 steps, buffer 0.030 nm, rlist 1.030 nm

The average pressure is off by at most 0.53 bar due to missing LJ interactions

Using Lorentz-Berthelot Lennard-Jones combination rule
Removing pbc first time

Pinning threads with an auto-selected logical cpu stride of 1

Initializing LINear Constraint Solver

++++ PLEASE READ AND CITE THE FOLLOWING REFERENCE ++++
B. Hess, H. Bekker, H. J. C. Berendsen, J. G. E. M. Fraaije
LINCS: A Linear Constraint Solver for molecular simulations
J. Comp. Chem. (1997)
DOI: 10.1002/(sici)1096-987x(199709)18:12<1463::aid-jcc4>3.0.co;2-h
-------- -------- --- Thank You --- -------- --------

The number of constraints is 1621

++++ PLEASE READ AND CITE THE FOLLOWING REFERENCE ++++
S. Miyamoto, P. A. Kollman
SETTLE: An Analytical Version of the SHAKE and RATTLE Algorithms for Rigid
Water Models
J. Comp. Chem. (1992)
DOI: 10.1002/jcc.540130805
-------- -------- --- Thank You --- -------- --------


++++ PLEASE READ AND CITE THE FOLLOWING REFERENCE ++++
G. Bussi, D. Donadio, M. Parrinello
Canonical sampling through velocity rescaling
J. Chem. Phys. (2007)
DOI: 10.1063/1.2408420
-------- -------- --- Thank You --- -------- --------

There are: 52568 Atoms

Updating coordinates and applying constraints on the GPU.

Constraining the starting coordinates (step 0)

Constraining the coordinates at t0-dt (step 0)
Center of mass motion removal mode is Linear
We have the following groups for center of mass motion removal:
  0:  rest
RMS relative constraint deviation after constraining: 3.37e-06
Initial temperature: 300.72 K

Started mdrun on rank 0 Sun Jun 14 00:04:01 2026

           Step           Time
              0        0.00000

   Energies (kJ/mol)
           Bond          Angle    Proper Dih. Per. Imp. Dih.          LJ-14
    4.45658e+02    1.61033e+03    7.39587e+03    1.05652e+02    2.55539e+03
     Coulomb-14        LJ (SR)  Disper. corr.   Coulomb (SR)   Coul. recip.
    3.44251e+04    1.39915e+05   -6.79694e+03   -1.08871e+06    3.67327e+03
 Position Rest.      Potential    Kinetic En.   Total Energy  Conserved En.
    3.18564e-03   -9.05381e+05    1.33391e+05   -7.71990e+05   -7.71990e+05
    Temperature Pres. DC (bar) Pressure (bar)   Constr. rmsd
    3.00810e+02   -2.09657e+02   -5.49068e+03    3.36963e-06

           Step           Time
           5000       10.00000

   Energies (kJ/mol)
           Bond          Angle    Proper Dih. Per. Imp. Dih.          LJ-14
    2.26028e+03    6.11974e+03    7.96942e+03    3.51917e+02    2.91430e+03
     Coulomb-14        LJ (SR)  Disper. corr.   Coulomb (SR)   Coul. recip.
    3.43096e+04    1.40158e+05   -6.79694e+03   -9.81243e+05    4.61363e+03
 Position Rest.      Potential    Kinetic En.   Total Energy  Conserved En.
    7.48529e+02   -7.88594e+05    1.31625e+05   -6.56969e+05   -7.70580e+05
    Temperature Pres. DC (bar) Pressure (bar)   Constr. rmsd
    2.96828e+02   -2.09657e+02   -1.26249e+03    3.36963e-06

step 5200: timed with pme grid 60 60 60, coulomb cutoff 1.000: 188.6 M-cycles
step 5400: timed with pme grid 52 52 52, coulomb cutoff 1.098: 231.1 M-cycles
step 5600: timed with pme grid 56 56 56, coulomb cutoff 1.020: 194.9 M-cycles
step 5800: timed with pme grid 60 60 60, coulomb cutoff 1.000: 188.1 M-cycles
              optimal pme grid 60 60 60, coulomb cutoff 1.000
           Step           Time
          10000       20.00000

   Energies (kJ/mol)
           Bond          Angle    Proper Dih. Per. Imp. Dih.          LJ-14
    2.23833e+03    6.21952e+03    7.79778e+03    3.28939e+02    2.85698e+03
     Coulomb-14        LJ (SR)  Disper. corr.   Coulomb (SR)   Coul. recip.
    3.43185e+04    1.39998e+05   -6.79694e+03   -9.81640e+05    4.68287e+03
 Position Rest.      Potential    Kinetic En.   Total Energy  Conserved En.
    8.02183e+02   -7.89193e+05    1.32868e+05   -6.56326e+05   -7.70629e+05
    Temperature Pres. DC (bar) Pressure (bar)   Constr. rmsd
    2.99630e+02   -2.09657e+02   -8.53647e+02    3.36963e-06

           Step           Time
          15000       30.00000

   Energies (kJ/mol)
           Bond          Angle    Proper Dih. Per. Imp. Dih.          LJ-14
    2.17820e+03    6.41543e+03    8.01559e+03    4.09442e+02    3.00879e+03
     Coulomb-14        LJ (SR)  Disper. corr.   Coulomb (SR)   Coul. recip.
    3.43123e+04    1.39138e+05   -6.79694e+03   -9.78670e+05    4.69524e+03
 Position Rest.      Potential    Kinetic En.   Total Energy  Conserved En.
    8.19820e+02   -7.86474e+05    1.31755e+05   -6.54719e+05   -7.70632e+05
    Temperature Pres. DC (bar) Pressure (bar)   Constr. rmsd
    2.97120e+02   -2.09657e+02   -6.74205e+02    3.36963e-06

           Step           Time
          20000       40.00000

   Energies (kJ/mol)
           Bond          Angle    Proper Dih. Per. Imp. Dih.          LJ-14
    2.28414e+03    6.28912e+03    7.98530e+03    3.22852e+02    2.97030e+03
     Coulomb-14        LJ (SR)  Disper. corr.   Coulomb (SR)   Coul. recip.
    3.41866e+04    1.39793e+05   -6.79694e+03   -9.79684e+05    4.64779e+03
 Position Rest.      Potential    Kinetic En.   Total Energy  Conserved En.
    8.48914e+02   -7.87153e+05    1.32602e+05   -6.54550e+05   -7.70637e+05
    Temperature Pres. DC (bar) Pressure (bar)   Constr. rmsd
    2.99031e+02   -2.09657e+02   -8.60739e+02    3.36963e-06

           Step           Time
          25000       50.00000

   Energies (kJ/mol)
           Bond          Angle    Proper Dih. Per. Imp. Dih.          LJ-14
    2.28625e+03    6.54585e+03    7.86252e+03    3.49703e+02    2.84007e+03
     Coulomb-14        LJ (SR)  Disper. corr.   Coulomb (SR)   Coul. recip.
    3.41994e+04    1.41080e+05   -6.79694e+03   -9.81543e+05    4.60088e+03
 Position Rest.      Potential    Kinetic En.   Total Energy  Conserved En.
    8.72470e+02   -7.87703e+05    1.32698e+05   -6.55005e+05   -7.70688e+05
    Temperature Pres. DC (bar) Pressure (bar)   Constr. rmsd
    2.99247e+02   -2.09657e+02   -1.13430e+03    3.36963e-06

           Step           Time
          30000       60.00000

   Energies (kJ/mol)
           Bond          Angle    Proper Dih. Per. Imp. Dih.          LJ-14
    2.25739e+03    6.39969e+03    7.92237e+03    3.39028e+02    2.89338e+03
     Coulomb-14        LJ (SR)  Disper. corr.   Coulomb (SR)   Coul. recip.
    3.41547e+04    1.41601e+05   -6.79694e+03   -9.81700e+05    4.74015e+03
 Position Rest.      Potential    Kinetic En.   Total Energy  Conserved En.
    8.97003e+02   -7.87292e+05    1.33690e+05   -6.53602e+05   -7.70700e+05
    Temperature Pres. DC (bar) Pressure (bar)   Constr. rmsd
    3.01483e+02   -2.09657e+02   -6.16208e+02    3.36963e-06

           Step           Time
          35000       70.00000

   Energies (kJ/mol)
           Bond          Angle    Proper Dih. Per. Imp. Dih.          LJ-14
    2.30681e+03    6.29909e+03    7.88567e+03    3.28447e+02    2.87485e+03
     Coulomb-14        LJ (SR)  Disper. corr.   Coulomb (SR)   Coul. recip.
    3.43996e+04    1.40686e+05   -6.79694e+03   -9.81866e+05    4.60263e+03
 Position Rest.      Potential    Kinetic En.   Total Energy  Conserved En.
    9.23669e+02   -7.88356e+05    1.32786e+05   -6.55570e+05   -7.70739e+05
    Temperature Pres. DC (bar) Pressure (bar)   Constr. rmsd
    2.99446e+02   -2.09657e+02   -7.19820e+02    3.36963e-06

           Step           Time
          40000       80.00000

   Energies (kJ/mol)
           Bond          Angle    Proper Dih. Per. Imp. Dih.          LJ-14
    2.33601e+03    6.53578e+03    8.03392e+03    3.58858e+02    2.83318e+03
     Coulomb-14        LJ (SR)  Disper. corr.   Coulomb (SR)   Coul. recip.
    3.42136e+04    1.40906e+05   -6.79694e+03   -9.80791e+05    4.57566e+03
 Position Rest.      Potential    Kinetic En.   Total Energy  Conserved En.
    8.37232e+02   -7.86957e+05    1.32382e+05   -6.54575e+05   -7.70739e+05
    Temperature Pres. DC (bar) Pressure (bar)   Constr. rmsd
    2.98534e+02   -2.09657e+02   -7.81012e+02    3.36963e-06

           Step           Time
          45000       90.00000

   Energies (kJ/mol)
           Bond          Angle    Proper Dih. Per. Imp. Dih.          LJ-14
    2.16022e+03    6.51267e+03    7.84927e+03    3.60931e+02    2.91641e+03
     Coulomb-14        LJ (SR)  Disper. corr.   Coulomb (SR)   Coul. recip.
    3.44283e+04    1.40400e+05   -6.79694e+03   -9.80415e+05    4.66628e+03
 Position Rest.      Potential    Kinetic En.   Total Energy  Conserved En.
    8.51764e+02   -7.87066e+05    1.32542e+05   -6.54524e+05   -7.70756e+05
    Temperature Pres. DC (bar) Pressure (bar)   Constr. rmsd
    2.98896e+02   -2.09657e+02   -8.46200e+02    3.36963e-06

           Step           Time
          50000      100.00000

   Energies (kJ/mol)
           Bond          Angle    Proper Dih. Per. Imp. Dih.          LJ-14
    2.24464e+03    6.44735e+03    7.84407e+03    2.92378e+02    2.81541e+03
     Coulomb-14        LJ (SR)  Disper. corr.   Coulomb (SR)   Coul. recip.
    3.41431e+04    1.39864e+05   -6.79694e+03   -9.81161e+05    4.59161e+03
 Position Rest.      Potential    Kinetic En.   Total Energy  Conserved En.
    8.06068e+02   -7.88910e+05    1.32583e+05   -6.56327e+05   -7.70803e+05
    Temperature Pres. DC (bar) Pressure (bar)   Constr. rmsd
    2.98988e+02   -2.09657e+02   -9.98493e+02    3.36963e-06

           Step           Time
          55000      110.00000

   Energies (kJ/mol)
           Bond          Angle    Proper Dih. Per. Imp. Dih.          LJ-14
    2.25265e+03    6.31443e+03    7.92838e+03    3.38413e+02    2.89991e+03
     Coulomb-14        LJ (SR)  Disper. corr.   Coulomb (SR)   Coul. recip.
    3.45463e+04    1.39911e+05   -6.79694e+03   -9.78884e+05    4.74105e+03
 Position Rest.      Potential    Kinetic En.   Total Energy  Conserved En.
    7.67388e+02   -7.85981e+05    1.33864e+05   -6.52116e+05   -7.70839e+05
    Temperature Pres. DC (bar) Pressure (bar)   Constr. rmsd
    3.01878e+02   -2.09657e+02   -3.26754e+02    3.36963e-06

           Step           Time
          60000      120.00000

   Energies (kJ/mol)
           Bond          Angle    Proper Dih. Per. Imp. Dih.          LJ-14
    2.32152e+03    6.16963e+03    7.98075e+03    3.43577e+02    2.88455e+03
     Coulomb-14        LJ (SR)  Disper. corr.   Coulomb (SR)   Coul. recip.
    3.44566e+04    1.41068e+05   -6.79694e+03   -9.81326e+05    4.61488e+03
 Position Rest.      Potential    Kinetic En.   Total Energy  Conserved En.
    8.40514e+02   -7.87443e+05    1.32876e+05   -6.54567e+05   -7.70850e+05
    Temperature Pres. DC (bar) Pressure (bar)   Constr. rmsd
    2.99649e+02   -2.09657e+02   -9.03771e+02    3.36963e-06

           Step           Time
          65000      130.00000

   Energies (kJ/mol)
           Bond          Angle    Proper Dih. Per. Imp. Dih.          LJ-14
    2.22642e+03    6.57918e+03    7.88278e+03    3.88616e+02    2.98387e+03
     Coulomb-14        LJ (SR)  Disper. corr.   Coulomb (SR)   Coul. recip.
    3.43251e+04    1.41656e+05   -6.79694e+03   -9.82119e+05    4.60316e+03
 Position Rest.      Potential    Kinetic En.   Total Energy  Conserved En.
    8.42325e+02   -7.87429e+05    1.32749e+05   -6.54680e+05   -7.70850e+05
    Temperature Pres. DC (bar) Pressure (bar)   Constr. rmsd
    2.99362e+02   -2.09657e+02   -6.46868e+02    3.36963e-06

           Step           Time
          70000      140.00000

   Energies (kJ/mol)
           Bond          Angle    Proper Dih. Per. Imp. Dih.          LJ-14
    2.15790e+03    6.25708e+03    7.96101e+03    3.73617e+02    2.93067e+03
     Coulomb-14        LJ (SR)  Disper. corr.   Coulomb (SR)   Coul. recip.
    3.42819e+04    1.41068e+05   -6.79694e+03   -9.82505e+05    4.60337e+03
 Position Rest.      Potential    Kinetic En.   Total Energy  Conserved En.
    8.06715e+02   -7.88862e+05    1.31693e+05   -6.57169e+05   -7.70886e+05
    Temperature Pres. DC (bar) Pressure (bar)   Constr. rmsd
    2.96981e+02   -2.09657e+02   -7.51532e+02    3.36963e-06

           Step           Time
          75000      150.00000

   Energies (kJ/mol)
           Bond          Angle    Proper Dih. Per. Imp. Dih.          LJ-14
    2.34867e+03    6.43275e+03    7.96679e+03    3.40615e+02    2.85099e+03
     Coulomb-14        LJ (SR)  Disper. corr.   Coulomb (SR)   Coul. recip.
    3.42133e+04    1.40154e+05   -6.79694e+03   -9.80471e+05    4.44380e+03
 Position Rest.      Potential    Kinetic En.   Total Energy  Conserved En.
    8.92903e+02   -7.87623e+05    1.33850e+05   -6.53773e+05   -7.70937e+05
    Temperature Pres. DC (bar) Pressure (bar)   Constr. rmsd
    3.01846e+02   -2.09657e+02   -1.17141e+03    3.36963e-06

           Step           Time
          80000      160.00000

   Energies (kJ/mol)
           Bond          Angle    Proper Dih. Per. Imp. Dih.          LJ-14
    2.27331e+03    6.33564e+03    8.00605e+03    3.46805e+02    2.89093e+03
     Coulomb-14        LJ (SR)  Disper. corr.   Coulomb (SR)   Coul. recip.
    3.42519e+04    1.40456e+05   -6.79694e+03   -9.79826e+05    4.58906e+03
 Position Rest.      Potential    Kinetic En.   Total Energy  Conserved En.
    8.05325e+02   -7.86668e+05    1.33113e+05   -6.53555e+05   -7.70974e+05
    Temperature Pres. DC (bar) Pressure (bar)   Constr. rmsd
    3.00182e+02   -2.09657e+02   -8.70963e+02    3.36963e-06

           Step           Time
          85000      170.00000

   Energies (kJ/mol)
           Bond          Angle    Proper Dih. Per. Imp. Dih.          LJ-14
    2.43295e+03    6.32728e+03    7.99584e+03    3.56573e+02    2.90465e+03
     Coulomb-14        LJ (SR)  Disper. corr.   Coulomb (SR)   Coul. recip.
    3.42658e+04    1.39792e+05   -6.79694e+03   -9.79450e+05    4.69191e+03
 Position Rest.      Potential    Kinetic En.   Total Energy  Conserved En.
    8.68746e+02   -7.86611e+05    1.33067e+05   -6.53544e+05   -7.70986e+05
    Temperature Pres. DC (bar) Pressure (bar)   Constr. rmsd
    3.00079e+02   -2.09657e+02   -8.29780e+02    3.36963e-06

           Step           Time
          90000      180.00000

   Energies (kJ/mol)
           Bond          Angle    Proper Dih. Per. Imp. Dih.          LJ-14
    2.40534e+03    6.54721e+03    7.86205e+03    3.32628e+02    2.85711e+03
     Coulomb-14        LJ (SR)  Disper. corr.   Coulomb (SR)   Coul. recip.
    3.42619e+04    1.41702e+05   -6.79694e+03   -9.82388e+05    4.65910e+03
 Position Rest.      Potential    Kinetic En.   Total Energy  Conserved En.
    9.17171e+02   -7.87641e+05    1.34094e+05   -6.53547e+05   -7.71024e+05
    Temperature Pres. DC (bar) Pressure (bar)   Constr. rmsd
    3.02395e+02   -2.09657e+02   -7.51761e+02    3.36963e-06

           Step           Time
          95000      190.00000

   Energies (kJ/mol)
           Bond          Angle    Proper Dih. Per. Imp. Dih.          LJ-14
    2.40703e+03    6.40673e+03    7.87709e+03    3.88924e+02    2.85746e+03
     Coulomb-14        LJ (SR)  Disper. corr.   Coulomb (SR)   Coul. recip.
    3.40233e+04    1.41953e+05   -6.79694e+03   -9.81566e+05    4.66461e+03
 Position Rest.      Potential    Kinetic En.   Total Energy  Conserved En.
    8.72595e+02   -7.86912e+05    1.32902e+05   -6.54010e+05   -7.71035e+05
    Temperature Pres. DC (bar) Pressure (bar)   Constr. rmsd
    2.99707e+02   -2.09657e+02   -1.64589e+02    3.36963e-06

           Step           Time
         100000      200.00000

   Energies (kJ/mol)
           Bond          Angle    Proper Dih. Per. Imp. Dih.          LJ-14
    2.30035e+03    6.26307e+03    7.94219e+03    3.38401e+02    2.80216e+03
     Coulomb-14        LJ (SR)  Disper. corr.   Coulomb (SR)   Coul. recip.
    3.42810e+04    1.41860e+05   -6.79694e+03   -9.82202e+05    4.67529e+03
 Position Rest.      Potential    Kinetic En.   Total Energy  Conserved En.
    8.21915e+02   -7.87714e+05    1.32814e+05   -6.54900e+05   -7.71046e+05
    Temperature Pres. DC (bar) Pressure (bar)   Constr. rmsd
    2.99508e+02   -2.09657e+02   -9.34578e+02    3.36963e-06

           Step           Time
         105000      210.00000

   Energies (kJ/mol)
           Bond          Angle    Proper Dih. Per. Imp. Dih.          LJ-14
    2.23496e+03    6.15979e+03    7.96539e+03    3.59101e+02    2.85791e+03
     Coulomb-14        LJ (SR)  Disper. corr.   Coulomb (SR)   Coul. recip.
    3.45072e+04    1.42259e+05   -6.79694e+03   -9.83812e+05    4.65054e+03
 Position Rest.      Potential    Kinetic En.   Total Energy  Conserved En.
    7.98584e+02   -7.88817e+05    1.31673e+05   -6.57144e+05   -7.71063e+05
    Temperature Pres. DC (bar) Pressure (bar)   Constr. rmsd
    2.96935e+02   -2.09657e+02   -7.40493e+02    3.36963e-06

           Step           Time
         110000      220.00000

   Energies (kJ/mol)
           Bond          Angle    Proper Dih. Per. Imp. Dih.          LJ-14
    2.22623e+03    6.47475e+03    7.91363e+03    3.32221e+02    2.84206e+03
     Coulomb-14        LJ (SR)  Disper. corr.   Coulomb (SR)   Coul. recip.
    3.43482e+04    1.40634e+05   -6.79694e+03   -9.81612e+05    4.69288e+03
 Position Rest.      Potential    Kinetic En.   Total Energy  Conserved En.
    8.34253e+02   -7.88110e+05    1.32781e+05   -6.55330e+05   -7.71095e+05
    Temperature Pres. DC (bar) Pressure (bar)   Constr. rmsd
    2.99433e+02   -2.09657e+02   -8.64457e+02    3.36963e-06

           Step           Time
         115000      230.00000

   Energies (kJ/mol)
           Bond          Angle    Proper Dih. Per. Imp. Dih.          LJ-14
    2.41739e+03    6.39687e+03    7.83727e+03    3.31930e+02    2.87256e+03
     Coulomb-14        LJ (SR)  Disper. corr.   Coulomb (SR)   Coul. recip.
    3.43773e+04    1.42025e+05   -6.79694e+03   -9.82074e+05    4.64653e+03
 Position Rest.      Potential    Kinetic En.   Total Energy  Conserved En.
    8.13352e+02   -7.87152e+05    1.32740e+05   -6.54412e+05   -7.71095e+05
    Temperature Pres. DC (bar) Pressure (bar)   Constr. rmsd
    2.99343e+02   -2.09657e+02   -6.87586e+02    3.36963e-06

           Step           Time
         120000      240.00000

   Energies (kJ/mol)
           Bond          Angle    Proper Dih. Per. Imp. Dih.          LJ-14
    2.35551e+03    6.61607e+03    7.96649e+03    3.74466e+02    2.87303e+03
     Coulomb-14        LJ (SR)  Disper. corr.   Coulomb (SR)   Coul. recip.
    3.40816e+04    1.40197e+05   -6.79694e+03   -9.79174e+05    4.85647e+03
 Position Rest.      Potential    Kinetic En.   Total Energy  Conserved En.
    8.54576e+02   -7.85795e+05    1.33295e+05   -6.52501e+05   -7.71098e+05
    Temperature Pres. DC (bar) Pressure (bar)   Constr. rmsd
    3.00593e+02   -2.09657e+02   -1.00438e+03    3.36963e-06

           Step           Time
         125000      250.00000

   Energies (kJ/mol)
           Bond          Angle    Proper Dih. Per. Imp. Dih.          LJ-14
    2.39276e+03    6.46248e+03    7.94286e+03    3.58732e+02    2.97361e+03
     Coulomb-14        LJ (SR)  Disper. corr.   Coulomb (SR)   Coul. recip.
    3.44140e+04    1.40678e+05   -6.79694e+03   -9.79751e+05    4.62043e+03
 Position Rest.      Potential    Kinetic En.   Total Energy  Conserved En.
    8.46136e+02   -7.85859e+05    1.32873e+05   -6.52986e+05   -7.71147e+05
    Temperature Pres. DC (bar) Pressure (bar)   Constr. rmsd
    2.99643e+02   -2.09657e+02   -7.76531e+02    3.36963e-06

           Step           Time
         130000      260.00000

   Energies (kJ/mol)
           Bond          Angle    Proper Dih. Per. Imp. Dih.          LJ-14
    2.16727e+03    6.47152e+03    7.83266e+03    3.51784e+02    2.86820e+03
     Coulomb-14        LJ (SR)  Disper. corr.   Coulomb (SR)   Coul. recip.
    3.43580e+04    1.41635e+05   -6.79694e+03   -9.81755e+05    4.78759e+03
 Position Rest.      Potential    Kinetic En.   Total Energy  Conserved En.
    8.68301e+02   -7.87212e+05    1.33067e+05   -6.54145e+05   -7.71179e+05
    Temperature Pres. DC (bar) Pressure (bar)   Constr. rmsd
    3.00079e+02   -2.09657e+02   -5.42434e+02    3.36963e-06

           Step           Time
         135000      270.00000

   Energies (kJ/mol)
           Bond          Angle    Proper Dih. Per. Imp. Dih.          LJ-14
    2.43891e+03    6.41237e+03    7.99871e+03    3.43701e+02    2.80738e+03
     Coulomb-14        LJ (SR)  Disper. corr.   Coulomb (SR)   Coul. recip.
    3.42565e+04    1.41333e+05   -6.79694e+03   -9.80383e+05    4.71328e+03
 Position Rest.      Potential    Kinetic En.   Total Energy  Conserved En.
    8.16764e+02   -7.86060e+05    1.33433e+05   -6.52627e+05   -7.71181e+05
    Temperature Pres. DC (bar) Pressure (bar)   Constr. rmsd
    3.00905e+02   -2.09657e+02   -5.69486e+02    3.36963e-06

           Step           Time
         140000      280.00000

   Energies (kJ/mol)
           Bond          Angle    Proper Dih. Per. Imp. Dih.          LJ-14
    2.22187e+03    6.53957e+03    7.91949e+03    3.57407e+02    2.86308e+03
     Coulomb-14        LJ (SR)  Disper. corr.   Coulomb (SR)   Coul. recip.
    3.43005e+04    1.40582e+05   -6.79694e+03   -9.79654e+05    4.60567e+03
 Position Rest.      Potential    Kinetic En.   Total Energy  Conserved En.
    9.30245e+02   -7.86132e+05    1.33156e+05   -6.52975e+05   -7.71180e+05
    Temperature Pres. DC (bar) Pressure (bar)   Constr. rmsd
    3.00281e+02   -2.09657e+02   -7.54566e+02    3.36963e-06

           Step           Time
         145000      290.00000

   Energies (kJ/mol)
           Bond          Angle    Proper Dih. Per. Imp. Dih.          LJ-14
    2.33361e+03    6.22329e+03    7.99546e+03    2.96826e+02    2.83344e+03
     Coulomb-14        LJ (SR)  Disper. corr.   Coulomb (SR)   Coul. recip.
    3.43712e+04    1.39732e+05   -6.79694e+03   -9.80185e+05    4.62348e+03
 Position Rest.      Potential    Kinetic En.   Total Energy  Conserved En.
    8.06997e+02   -7.87766e+05    1.32364e+05   -6.55402e+05   -7.71226e+05
    Temperature Pres. DC (bar) Pressure (bar)   Constr. rmsd
    2.98493e+02   -2.09657e+02   -5.95306e+02    3.36963e-06

           Step           Time
         150000      300.00000

   Energies (kJ/mol)
           Bond          Angle    Proper Dih. Per. Imp. Dih.          LJ-14
    2.18289e+03    6.20112e+03    7.98146e+03    3.50433e+02    2.85600e+03
     Coulomb-14        LJ (SR)  Disper. corr.   Coulomb (SR)   Coul. recip.
    3.41933e+04    1.41270e+05   -6.79694e+03   -9.83020e+05    4.66186e+03
 Position Rest.      Potential    Kinetic En.   Total Energy  Conserved En.
    8.81589e+02   -7.89239e+05    1.32529e+05   -6.56710e+05   -7.71272e+05
    Temperature Pres. DC (bar) Pressure (bar)   Constr. rmsd
    2.98866e+02   -2.09657e+02   -5.74038e+02    3.36963e-06

           Step           Time
         155000      310.00000

   Energies (kJ/mol)
           Bond          Angle    Proper Dih. Per. Imp. Dih.          LJ-14
    2.41320e+03    6.33540e+03    7.94607e+03    3.77810e+02    2.83469e+03
     Coulomb-14        LJ (SR)  Disper. corr.   Coulomb (SR)   Coul. recip.
    3.43212e+04    1.41162e+05   -6.79694e+03   -9.81473e+05    4.64266e+03
 Position Rest.      Potential    Kinetic En.   Total Energy  Conserved En.
    7.57384e+02   -7.87479e+05    1.33168e+05   -6.54311e+05   -7.71253e+05
    Temperature Pres. DC (bar) Pressure (bar)   Constr. rmsd
    3.00308e+02   -2.09657e+02   -9.57531e+02    3.36963e-06

           Step           Time
         160000      320.00000

   Energies (kJ/mol)
           Bond          Angle    Proper Dih. Per. Imp. Dih.          LJ-14
    2.46257e+03    6.44806e+03    7.90371e+03    3.74555e+02    2.85475e+03
     Coulomb-14        LJ (SR)  Disper. corr.   Coulomb (SR)   Coul. recip.
    3.44347e+04    1.39645e+05   -6.79694e+03   -9.79795e+05    4.62315e+03
 Position Rest.      Potential    Kinetic En.   Total Energy  Conserved En.
    8.12057e+02   -7.87033e+05    1.32586e+05   -6.54447e+05   -7.71301e+05
    Temperature Pres. DC (bar) Pressure (bar)   Constr. rmsd
    2.98994e+02   -2.09657e+02   -7.44390e+02    3.36963e-06

           Step           Time
         165000      330.00000

   Energies (kJ/mol)
           Bond          Angle    Proper Dih. Per. Imp. Dih.          LJ-14
    2.17707e+03    6.24173e+03    7.89846e+03    3.55664e+02    2.90576e+03
     Coulomb-14        LJ (SR)  Disper. corr.   Coulomb (SR)   Coul. recip.
    3.43954e+04    1.41127e+05   -6.79694e+03   -9.81254e+05    4.66188e+03
 Position Rest.      Potential    Kinetic En.   Total Energy  Conserved En.
    8.11765e+02   -7.87477e+05    1.33862e+05   -6.53615e+05   -7.71339e+05
    Temperature Pres. DC (bar) Pressure (bar)   Constr. rmsd
    3.01871e+02   -2.09657e+02   -6.91077e+02    3.36963e-06

           Step           Time
         170000      340.00000

   Energies (kJ/mol)
           Bond          Angle    Proper Dih. Per. Imp. Dih.          LJ-14
    2.33864e+03    6.33832e+03    8.00392e+03    3.67804e+02    2.89003e+03
     Coulomb-14        LJ (SR)  Disper. corr.   Coulomb (SR)   Coul. recip.
    3.43029e+04    1.42264e+05   -6.79694e+03   -9.82940e+05    4.67682e+03
 Position Rest.      Potential    Kinetic En.   Total Energy  Conserved En.
    8.82394e+02   -7.87672e+05    1.34069e+05   -6.53602e+05   -7.71359e+05
    Temperature Pres. DC (bar) Pressure (bar)   Constr. rmsd
    3.02339e+02   -2.09657e+02   -1.11635e+03    3.36963e-06

           Step           Time
         175000      350.00000

   Energies (kJ/mol)
           Bond          Angle    Proper Dih. Per. Imp. Dih.          LJ-14
    2.40699e+03    6.40839e+03    7.87933e+03    3.48784e+02    2.86418e+03
     Coulomb-14        LJ (SR)  Disper. corr.   Coulomb (SR)   Coul. recip.
    3.41866e+04    1.41940e+05   -6.79694e+03   -9.82609e+05    4.57366e+03
 Position Rest.      Potential    Kinetic En.   Total Energy  Conserved En.
    9.24994e+02   -7.87873e+05    1.33481e+05   -6.54392e+05   -7.71355e+05
    Temperature Pres. DC (bar) Pressure (bar)   Constr. rmsd
    3.01012e+02   -2.09657e+02   -8.49298e+02    3.36963e-06

           Step           Time
         180000      360.00000

   Energies (kJ/mol)
           Bond          Angle    Proper Dih. Per. Imp. Dih.          LJ-14
    2.32264e+03    6.34820e+03    7.90800e+03    3.23984e+02    2.90914e+03
     Coulomb-14        LJ (SR)  Disper. corr.   Coulomb (SR)   Coul. recip.
    3.44966e+04    1.40625e+05   -6.79694e+03   -9.80907e+05    4.59295e+03
 Position Rest.      Potential    Kinetic En.   Total Energy  Conserved En.
    7.72913e+02   -7.87404e+05    1.32620e+05   -6.54784e+05   -7.71373e+05
    Temperature Pres. DC (bar) Pressure (bar)   Constr. rmsd
    2.99071e+02   -2.09657e+02   -4.61982e+02    3.36963e-06

           Step           Time
         185000      370.00000

   Energies (kJ/mol)
           Bond          Angle    Proper Dih. Per. Imp. Dih.          LJ-14
    2.37856e+03    6.36731e+03    7.88546e+03    3.51939e+02    2.90337e+03
     Coulomb-14        LJ (SR)  Disper. corr.   Coulomb (SR)   Coul. recip.
    3.42124e+04    1.41372e+05   -6.79694e+03   -9.80929e+05    4.74654e+03
 Position Rest.      Potential    Kinetic En.   Total Energy  Conserved En.
    8.34561e+02   -7.86674e+05    1.31898e+05   -6.54777e+05   -7.71377e+05
    Temperature Pres. DC (bar) Pressure (bar)   Constr. rmsd
    2.97442e+02   -2.09657e+02   -3.85194e+02    3.36963e-06

           Step           Time
         190000      380.00000

   Energies (kJ/mol)
           Bond          Angle    Proper Dih. Per. Imp. Dih.          LJ-14
    2.54144e+03    6.32113e+03    7.86368e+03    3.36224e+02    2.77839e+03
     Coulomb-14        LJ (SR)  Disper. corr.   Coulomb (SR)   Coul. recip.
    3.42295e+04    1.40849e+05   -6.79694e+03   -9.80912e+05    4.85441e+03
 Position Rest.      Potential    Kinetic En.   Total Energy  Conserved En.
    8.47026e+02   -7.87088e+05    1.33320e+05   -6.53768e+05   -7.71429e+05
    Temperature Pres. DC (bar) Pressure (bar)   Constr. rmsd
    3.00649e+02   -2.09657e+02   -7.70061e+02    3.36963e-06

           Step           Time
         195000      390.00000

   Energies (kJ/mol)
           Bond          Angle    Proper Dih. Per. Imp. Dih.          LJ-14
    2.46832e+03    6.49766e+03    7.91621e+03    3.96967e+02    2.78936e+03
     Coulomb-14        LJ (SR)  Disper. corr.   Coulomb (SR)   Coul. recip.
    3.43609e+04    1.40427e+05   -6.79694e+03   -9.81200e+05    4.71805e+03
 Position Rest.      Potential    Kinetic En.   Total Energy  Conserved En.
    8.47607e+02   -7.87575e+05    1.32222e+05   -6.55353e+05   -7.71405e+05
    Temperature Pres. DC (bar) Pressure (bar)   Constr. rmsd
    2.98175e+02   -2.09657e+02   -9.40800e+02    3.36963e-06

           Step           Time
         200000      400.00000

   Energies (kJ/mol)
           Bond          Angle    Proper Dih. Per. Imp. Dih.          LJ-14
    2.41984e+03    6.54572e+03    7.89301e+03    3.59247e+02    2.85707e+03
     Coulomb-14        LJ (SR)  Disper. corr.   Coulomb (SR)   Coul. recip.
    3.40438e+04    1.41575e+05   -6.79694e+03   -9.80444e+05    4.66873e+03
 Position Rest.      Potential    Kinetic En.   Total Energy  Conserved En.
    8.07139e+02   -7.86071e+05    1.33226e+05   -6.52845e+05   -7.71455e+05
    Temperature Pres. DC (bar) Pressure (bar)   Constr. rmsd
    3.00439e+02   -2.09657e+02   -6.40211e+02    3.36963e-06

           Step           Time
         205000      410.00000

   Energies (kJ/mol)
           Bond          Angle    Proper Dih. Per. Imp. Dih.          LJ-14
    2.24036e+03    6.17166e+03    7.99005e+03    3.50493e+02    2.92657e+03
     Coulomb-14        LJ (SR)  Disper. corr.   Coulomb (SR)   Coul. recip.
    3.43803e+04    1.42402e+05   -6.79694e+03   -9.83199e+05    4.53131e+03
 Position Rest.      Potential    Kinetic En.   Total Energy  Conserved En.
    7.50950e+02   -7.88252e+05    1.33558e+05   -6.54694e+05   -7.71496e+05
    Temperature Pres. DC (bar) Pressure (bar)   Constr. rmsd
    3.01187e+02   -2.09657e+02   -6.85735e+02    3.36963e-06

           Step           Time
         210000      420.00000

   Energies (kJ/mol)
           Bond          Angle    Proper Dih. Per. Imp. Dih.          LJ-14
    2.22216e+03    6.29030e+03    7.79040e+03    3.48182e+02    2.92347e+03
     Coulomb-14        LJ (SR)  Disper. corr.   Coulomb (SR)   Coul. recip.
    3.43865e+04    1.41796e+05   -6.79694e+03   -9.83395e+05    4.67725e+03
 Position Rest.      Potential    Kinetic En.   Total Energy  Conserved En.
    9.14441e+02   -7.88843e+05    1.33718e+05   -6.55124e+05   -7.71528e+05
    Temperature Pres. DC (bar) Pressure (bar)   Constr. rmsd
    3.01548e+02   -2.09657e+02   -1.03328e+03    3.36963e-06

           Step           Time
         215000      430.00000

   Energies (kJ/mol)
           Bond          Angle    Proper Dih. Per. Imp. Dih.          LJ-14
    2.33297e+03    6.37562e+03    7.89601e+03    3.83284e+02    2.85475e+03
     Coulomb-14        LJ (SR)  Disper. corr.   Coulomb (SR)   Coul. recip.
    3.44388e+04    1.41685e+05   -6.79694e+03   -9.80730e+05    4.68971e+03
 Position Rest.      Potential    Kinetic En.   Total Energy  Conserved En.
    8.30022e+02   -7.86041e+05    1.32068e+05   -6.53973e+05   -7.71497e+05
    Temperature Pres. DC (bar) Pressure (bar)   Constr. rmsd
    2.97825e+02   -2.09657e+02   -4.97333e+02    3.36963e-06

           Step           Time
         220000      440.00000

   Energies (kJ/mol)
           Bond          Angle    Proper Dih. Per. Imp. Dih.          LJ-14
    2.23701e+03    6.36276e+03    7.91453e+03    3.79773e+02    2.84694e+03
     Coulomb-14        LJ (SR)  Disper. corr.   Coulomb (SR)   Coul. recip.
    3.40583e+04    1.42164e+05   -6.79694e+03   -9.82967e+05    4.64649e+03
 Position Rest.      Potential    Kinetic En.   Total Energy  Conserved En.
    8.04273e+02   -7.88350e+05    1.32492e+05   -6.55858e+05   -7.71555e+05
    Temperature Pres. DC (bar) Pressure (bar)   Constr. rmsd
    2.98783e+02   -2.09657e+02   -4.42625e+02    3.36963e-06

           Step           Time
         225000      450.00000

   Energies (kJ/mol)
           Bond          Angle    Proper Dih. Per. Imp. Dih.          LJ-14
    2.33917e+03    6.48549e+03    7.94903e+03    3.88188e+02    2.89282e+03
     Coulomb-14        LJ (SR)  Disper. corr.   Coulomb (SR)   Coul. recip.
    3.43525e+04    1.41939e+05   -6.79694e+03   -9.82376e+05    4.55354e+03
 Position Rest.      Potential    Kinetic En.   Total Energy  Conserved En.
    7.86307e+02   -7.87488e+05    1.34331e+05   -6.53156e+05   -7.71574e+05
    Temperature Pres. DC (bar) Pressure (bar)   Constr. rmsd
    3.02930e+02   -2.09657e+02   -8.99480e+02    3.36963e-06

           Step           Time
         230000      460.00000

   Energies (kJ/mol)
           Bond          Angle    Proper Dih. Per. Imp. Dih.          LJ-14
    2.40044e+03    6.60538e+03    7.88833e+03    3.44128e+02    2.86375e+03
     Coulomb-14        LJ (SR)  Disper. corr.   Coulomb (SR)   Coul. recip.
    3.43452e+04    1.41935e+05   -6.79694e+03   -9.82000e+05    4.76004e+03
 Position Rest.      Potential    Kinetic En.   Total Energy  Conserved En.
    8.79278e+02   -7.86775e+05    1.34563e+05   -6.52212e+05   -7.71591e+05
    Temperature Pres. DC (bar) Pressure (bar)   Constr. rmsd
    3.03453e+02   -2.09657e+02   -5.29925e+02    3.36963e-06

           Step           Time
         235000      470.00000

   Energies (kJ/mol)
           Bond          Angle    Proper Dih. Per. Imp. Dih.          LJ-14
    2.26799e+03    6.42206e+03    7.94176e+03    3.65958e+02    2.82163e+03
     Coulomb-14        LJ (SR)  Disper. corr.   Coulomb (SR)   Coul. recip.
    3.42195e+04    1.41397e+05   -6.79694e+03   -9.81934e+05    4.66635e+03
 Position Rest.      Potential    Kinetic En.   Total Energy  Conserved En.
    8.85270e+02   -7.87743e+05    1.33039e+05   -6.54704e+05   -7.71638e+05
    Temperature Pres. DC (bar) Pressure (bar)   Constr. rmsd
    3.00017e+02   -2.09657e+02   -8.23449e+02    3.36963e-06

           Step           Time
         240000      480.00000

   Energies (kJ/mol)
           Bond          Angle    Proper Dih. Per. Imp. Dih.          LJ-14
    2.30244e+03    6.58481e+03    7.87992e+03    3.01627e+02    2.85965e+03
     Coulomb-14        LJ (SR)  Disper. corr.   Coulomb (SR)   Coul. recip.
    3.42188e+04    1.43059e+05   -6.79694e+03   -9.83738e+05    4.55255e+03
 Position Rest.      Potential    Kinetic En.   Total Energy  Conserved En.
    8.71417e+02   -7.87905e+05    1.33035e+05   -6.54870e+05   -7.71622e+05
    Temperature Pres. DC (bar) Pressure (bar)   Constr. rmsd
    3.00007e+02   -2.09657e+02   -6.20132e+02    3.36963e-06

           Step           Time
         245000      490.00000

   Energies (kJ/mol)
           Bond          Angle    Proper Dih. Per. Imp. Dih.          LJ-14
    2.23111e+03    6.49414e+03    7.98562e+03    3.87010e+02    2.93185e+03
     Coulomb-14        LJ (SR)  Disper. corr.   Coulomb (SR)   Coul. recip.
    3.43083e+04    1.41020e+05   -6.79694e+03   -9.81546e+05    4.68512e+03
 Position Rest.      Potential    Kinetic En.   Total Energy  Conserved En.
    7.98712e+02   -7.87501e+05    1.33364e+05   -6.54137e+05   -7.71665e+05
    Temperature Pres. DC (bar) Pressure (bar)   Constr. rmsd
    3.00749e+02   -2.09657e+02   -7.85921e+02    3.36963e-06

           Step           Time
         250000      500.00000

   Energies (kJ/mol)
           Bond          Angle    Proper Dih. Per. Imp. Dih.          LJ-14
    2.18324e+03    6.58426e+03    7.95989e+03    3.92188e+02    2.85530e+03
     Coulomb-14        LJ (SR)  Disper. corr.   Coulomb (SR)   Coul. recip.
    3.43167e+04    1.40832e+05   -6.79694e+03   -9.80736e+05    4.67312e+03
 Position Rest.      Potential    Kinetic En.   Total Energy  Conserved En.
    8.40413e+02   -7.86896e+05    1.33116e+05   -6.53780e+05   -7.71727e+05
    Temperature Pres. DC (bar) Pressure (bar)   Constr. rmsd
    3.00190e+02   -2.09657e+02   -6.45034e+02    3.36963e-06

           Step           Time
         255000      510.00000

   Energies (kJ/mol)
           Bond          Angle    Proper Dih. Per. Imp. Dih.          LJ-14
    2.23087e+03    6.39865e+03    7.93006e+03    3.40764e+02    2.92761e+03
     Coulomb-14        LJ (SR)  Disper. corr.   Coulomb (SR)   Coul. recip.
    3.44796e+04    1.42191e+05   -6.79694e+03   -9.83098e+05    4.73034e+03
 Position Rest.      Potential    Kinetic En.   Total Energy  Conserved En.
    8.38651e+02   -7.87827e+05    1.33539e+05   -6.54288e+05   -7.71730e+05
    Temperature Pres. DC (bar) Pressure (bar)   Constr. rmsd
    3.01143e+02   -2.09657e+02   -7.42100e+02    3.36963e-06

           Step           Time
         260000      520.00000

   Energies (kJ/mol)
           Bond          Angle    Proper Dih. Per. Imp. Dih.          LJ-14
    2.32329e+03    6.31944e+03    7.83352e+03    3.28402e+02    2.81883e+03
     Coulomb-14        LJ (SR)  Disper. corr.   Coulomb (SR)   Coul. recip.
    3.41283e+04    1.41320e+05   -6.79694e+03   -9.82646e+05    4.71676e+03
 Position Rest.      Potential    Kinetic En.   Total Energy  Conserved En.
    7.82117e+02   -7.88873e+05    1.32924e+05   -6.55948e+05   -7.71772e+05
    Temperature Pres. DC (bar) Pressure (bar)   Constr. rmsd
    2.99757e+02   -2.09657e+02   -8.34186e+02    3.36963e-06

           Step           Time
         265000      530.00000

   Energies (kJ/mol)
           Bond          Angle    Proper Dih. Per. Imp. Dih.          LJ-14
    2.44974e+03    6.28611e+03    8.00207e+03    3.87012e+02    2.78034e+03
     Coulomb-14        LJ (SR)  Disper. corr.   Coulomb (SR)   Coul. recip.
    3.43074e+04    1.39939e+05   -6.79694e+03   -9.80029e+05    4.64927e+03
 Position Rest.      Potential    Kinetic En.   Total Energy  Conserved En.
    7.96353e+02   -7.87229e+05    1.32568e+05   -6.54661e+05   -7.71788e+05
    Temperature Pres. DC (bar) Pressure (bar)   Constr. rmsd
    2.98954e+02   -2.09657e+02   -7.16293e+02    3.36963e-06

           Step           Time
         270000      540.00000

   Energies (kJ/mol)
           Bond          Angle    Proper Dih. Per. Imp. Dih.          LJ-14
    2.27952e+03    6.38320e+03    7.99767e+03    3.53558e+02    2.84715e+03
     Coulomb-14        LJ (SR)  Disper. corr.   Coulomb (SR)   Coul. recip.
    3.43250e+04    1.40977e+05   -6.79694e+03   -9.81787e+05    4.54327e+03
 Position Rest.      Potential    Kinetic En.   Total Energy  Conserved En.
    8.82095e+02   -7.87996e+05    1.33024e+05   -6.54972e+05   -7.71798e+05
    Temperature Pres. DC (bar) Pressure (bar)   Constr. rmsd
    2.99982e+02   -2.09657e+02   -5.83511e+02    3.36963e-06

           Step           Time
         275000      550.00000

   Energies (kJ/mol)
           Bond          Angle    Proper Dih. Per. Imp. Dih.          LJ-14
    2.30241e+03    6.05720e+03    7.90117e+03    3.66948e+02    2.79172e+03
     Coulomb-14        LJ (SR)  Disper. corr.   Coulomb (SR)   Coul. recip.
    3.43891e+04    1.41894e+05   -6.79694e+03   -9.83312e+05    4.66112e+03
 Position Rest.      Potential    Kinetic En.   Total Energy  Conserved En.
    8.08459e+02   -7.88937e+05    1.31962e+05   -6.56975e+05   -7.71836e+05
    Temperature Pres. DC (bar) Pressure (bar)   Constr. rmsd
    2.97588e+02   -2.09657e+02   -7.32166e+02    3.36963e-06

           Step           Time
         280000      560.00000

   Energies (kJ/mol)
           Bond          Angle    Proper Dih. Per. Imp. Dih.          LJ-14
    2.29214e+03    6.29217e+03    7.89373e+03    3.59668e+02    2.83457e+03
     Coulomb-14        LJ (SR)  Disper. corr.   Coulomb (SR)   Coul. recip.
    3.44355e+04    1.39688e+05   -6.79694e+03   -9.80174e+05    4.53123e+03
 Position Rest.      Potential    Kinetic En.   Total Energy  Conserved En.
    8.77140e+02   -7.87767e+05    1.32344e+05   -6.55423e+05   -7.71858e+05
    Temperature Pres. DC (bar) Pressure (bar)   Constr. rmsd
    2.98448e+02   -2.09657e+02   -6.65169e+02    3.36963e-06

           Step           Time
         285000      570.00000

   Energies (kJ/mol)
           Bond          Angle    Proper Dih. Per. Imp. Dih.          LJ-14
    2.26802e+03    6.65965e+03    8.03982e+03    3.40297e+02    2.92096e+03
     Coulomb-14        LJ (SR)  Disper. corr.   Coulomb (SR)   Coul. recip.
    3.43364e+04    1.42222e+05   -6.79694e+03   -9.82562e+05    4.69775e+03
 Position Rest.      Potential    Kinetic En.   Total Energy  Conserved En.
    8.75126e+02   -7.86999e+05    1.33632e+05   -6.53367e+05   -7.71839e+05
    Temperature Pres. DC (bar) Pressure (bar)   Constr. rmsd
    3.01353e+02   -2.09657e+02   -1.88895e+02    3.36963e-06

           Step           Time
         290000      580.00000

   Energies (kJ/mol)
           Bond          Angle    Proper Dih. Per. Imp. Dih.          LJ-14
    2.22459e+03    6.46660e+03    7.90980e+03    3.64074e+02    2.85813e+03
     Coulomb-14        LJ (SR)  Disper. corr.   Coulomb (SR)   Coul. recip.
    3.43292e+04    1.41576e+05   -6.79694e+03   -9.81300e+05    4.63679e+03
 Position Rest.      Potential    Kinetic En.   Total Energy  Conserved En.
    8.45325e+02   -7.86887e+05    1.32795e+05   -6.54092e+05   -7.71906e+05
    Temperature Pres. DC (bar) Pressure (bar)   Constr. rmsd
    2.99466e+02   -2.09657e+02   -9.77215e+02    3.36963e-06

           Step           Time
         295000      590.00000

   Energies (kJ/mol)
           Bond          Angle    Proper Dih. Per. Imp. Dih.          LJ-14
    2.29951e+03    6.52783e+03    8.03275e+03    3.67918e+02    2.80648e+03
     Coulomb-14        LJ (SR)  Disper. corr.   Coulomb (SR)   Coul. recip.
    3.42697e+04    1.42159e+05   -6.79694e+03   -9.83714e+05    4.51364e+03
 Position Rest.      Potential    Kinetic En.   Total Energy  Conserved En.
    8.65601e+02   -7.88669e+05    1.32906e+05   -6.55762e+05   -7.71891e+05
    Temperature Pres. DC (bar) Pressure (bar)   Constr. rmsd
    2.99717e+02   -2.09657e+02   -8.56533e+02    3.36963e-06

           Step           Time
         300000      600.00000

   Energies (kJ/mol)
           Bond          Angle    Proper Dih. Per. Imp. Dih.          LJ-14
    2.17001e+03    6.12616e+03    7.98655e+03    3.65288e+02    2.91558e+03
     Coulomb-14        LJ (SR)  Disper. corr.   Coulomb (SR)   Coul. recip.
    3.42664e+04    1.41458e+05   -6.79694e+03   -9.80958e+05    4.64516e+03
 Position Rest.      Potential    Kinetic En.   Total Energy  Conserved En.
    8.80976e+02   -7.86941e+05    1.32377e+05   -6.54563e+05   -7.71966e+05
    Temperature Pres. DC (bar) Pressure (bar)   Constr. rmsd
    2.98524e+02   -2.09657e+02   -9.22010e+02    3.36963e-06

           Step           Time
         305000      610.00000

   Energies (kJ/mol)
           Bond          Angle    Proper Dih. Per. Imp. Dih.          LJ-14
    2.23629e+03    6.37794e+03    7.98036e+03    3.32142e+02    2.83613e+03
     Coulomb-14        LJ (SR)  Disper. corr.   Coulomb (SR)   Coul. recip.
    3.41189e+04    1.39902e+05   -6.79694e+03   -9.79468e+05    4.57276e+03
 Position Rest.      Potential    Kinetic En.   Total Energy  Conserved En.
    8.69360e+02   -7.87039e+05    1.33835e+05   -6.53204e+05   -7.71990e+05
    Temperature Pres. DC (bar) Pressure (bar)   Constr. rmsd
    3.01812e+02   -2.09657e+02   -1.16277e+03    3.36963e-06

           Step           Time
         310000      620.00000

   Energies (kJ/mol)
           Bond          Angle    Proper Dih. Per. Imp. Dih.          LJ-14
    2.24140e+03    6.47120e+03    7.93109e+03    3.50956e+02    2.86329e+03
     Coulomb-14        LJ (SR)  Disper. corr.   Coulomb (SR)   Coul. recip.
    3.41166e+04    1.40709e+05   -6.79694e+03   -9.81354e+05    4.75783e+03
 Position Rest.      Potential    Kinetic En.   Total Energy  Conserved En.
    8.36755e+02   -7.87872e+05    1.32394e+05   -6.55478e+05   -7.71992e+05
    Temperature Pres. DC (bar) Pressure (bar)   Constr. rmsd
    2.98562e+02   -2.09657e+02   -1.11647e+03    3.36963e-06

           Step           Time
         315000      630.00000

   Energies (kJ/mol)
           Bond          Angle    Proper Dih. Per. Imp. Dih.          LJ-14
    2.15490e+03    6.46729e+03    7.86032e+03    3.53919e+02    2.85709e+03
     Coulomb-14        LJ (SR)  Disper. corr.   Coulomb (SR)   Coul. recip.
    3.43666e+04    1.42270e+05   -6.79694e+03   -9.83380e+05    4.68242e+03
 Position Rest.      Potential    Kinetic En.   Total Energy  Conserved En.
    8.75201e+02   -7.88290e+05    1.33327e+05   -6.54962e+05   -7.72058e+05
    Temperature Pres. DC (bar) Pressure (bar)   Constr. rmsd
    3.00666e+02   -2.09657e+02   -5.59175e+02    3.36963e-06

           Step           Time
         320000      640.00000

   Energies (kJ/mol)
           Bond          Angle    Proper Dih. Per. Imp. Dih.          LJ-14
    2.13828e+03    6.28612e+03    7.93884e+03    3.98355e+02    2.90105e+03
     Coulomb-14        LJ (SR)  Disper. corr.   Coulomb (SR)   Coul. recip.
    3.44262e+04    1.40360e+05   -6.79694e+03   -9.80885e+05    4.74060e+03
 Position Rest.      Potential    Kinetic En.   Total Energy  Conserved En.
    8.08006e+02   -7.87684e+05    1.33327e+05   -6.54358e+05   -7.72050e+05
    Temperature Pres. DC (bar) Pressure (bar)   Constr. rmsd
    3.00665e+02   -2.09657e+02   -1.01007e+03    3.36963e-06

           Step           Time
         325000      650.00000

   Energies (kJ/mol)
           Bond          Angle    Proper Dih. Per. Imp. Dih.          LJ-14
    2.34004e+03    6.55161e+03    7.94068e+03    3.56754e+02    2.92250e+03
     Coulomb-14        LJ (SR)  Disper. corr.   Coulomb (SR)   Coul. recip.
    3.43399e+04    1.41475e+05   -6.79694e+03   -9.82350e+05    4.65211e+03
 Position Rest.      Potential    Kinetic En.   Total Energy  Conserved En.
    8.94722e+02   -7.87673e+05    1.33833e+05   -6.53840e+05   -7.72044e+05
    Temperature Pres. DC (bar) Pressure (bar)   Constr. rmsd
    3.01807e+02   -2.09657e+02   -6.33637e+02    3.36963e-06

           Step           Time
         330000      660.00000

   Energies (kJ/mol)
           Bond          Angle    Proper Dih. Per. Imp. Dih.          LJ-14
    2.24658e+03    6.28552e+03    7.88765e+03    3.41554e+02    2.86374e+03
     Coulomb-14        LJ (SR)  Disper. corr.   Coulomb (SR)   Coul. recip.
    3.43575e+04    1.42216e+05   -6.79694e+03   -9.83738e+05    4.65433e+03
 Position Rest.      Potential    Kinetic En.   Total Energy  Conserved En.
    8.62112e+02   -7.88820e+05    1.33549e+05   -6.55271e+05   -7.72096e+05
    Temperature Pres. DC (bar) Pressure (bar)   Constr. rmsd
    3.01167e+02   -2.09657e+02   -4.27008e+02    3.36963e-06

           Step           Time
         335000      670.00000

   Energies (kJ/mol)
           Bond          Angle    Proper Dih. Per. Imp. Dih.          LJ-14
    2.35431e+03    6.29628e+03    8.00225e+03    3.89909e+02    2.88830e+03
     Coulomb-14        LJ (SR)  Disper. corr.   Coulomb (SR)   Coul. recip.
    3.43431e+04    1.41192e+05   -6.79694e+03   -9.81809e+05    4.69233e+03
 Position Rest.      Potential    Kinetic En.   Total Energy  Conserved En.
    7.67936e+02   -7.87679e+05    1.33722e+05   -6.53958e+05   -7.72111e+05
    Temperature Pres. DC (bar) Pressure (bar)   Constr. rmsd
    3.01556e+02   -2.09657e+02   -7.74312e+02    3.36963e-06

           Step           Time
         340000      680.00000

   Energies (kJ/mol)
           Bond          Angle    Proper Dih. Per. Imp. Dih.          LJ-14
    2.41249e+03    6.32922e+03    7.99086e+03    3.83565e+02    2.86837e+03
     Coulomb-14        LJ (SR)  Disper. corr.   Coulomb (SR)   Coul. recip.
    3.43641e+04    1.40531e+05   -6.79694e+03   -9.80953e+05    4.73549e+03
 Position Rest.      Potential    Kinetic En.   Total Energy  Conserved En.
    8.00575e+02   -7.87334e+05    1.32741e+05   -6.54593e+05   -7.72119e+05
    Temperature Pres. DC (bar) Pressure (bar)   Constr. rmsd
    2.99344e+02   -2.09657e+02   -7.96421e+02    3.36963e-06

           Step           Time
         345000      690.00000

   Energies (kJ/mol)
           Bond          Angle    Proper Dih. Per. Imp. Dih.          LJ-14
    2.33108e+03    6.54122e+03    7.91723e+03    3.81696e+02    2.82665e+03
     Coulomb-14        LJ (SR)  Disper. corr.   Coulomb (SR)   Coul. recip.
    3.42563e+04    1.39870e+05   -6.79694e+03   -9.78809e+05    4.71449e+03
 Position Rest.      Potential    Kinetic En.   Total Energy  Conserved En.
    8.12286e+02   -7.85955e+05    1.34688e+05   -6.51267e+05   -7.72140e+05
    Temperature Pres. DC (bar) Pressure (bar)   Constr. rmsd
    3.03735e+02   -2.09657e+02   -5.34300e+02    3.36963e-06

           Step           Time
         350000      700.00000

   Energies (kJ/mol)
           Bond          Angle    Proper Dih. Per. Imp. Dih.          LJ-14
    2.20968e+03    6.42911e+03    7.97185e+03    3.52496e+02    2.88567e+03
     Coulomb-14        LJ (SR)  Disper. corr.   Coulomb (SR)   Coul. recip.
    3.44547e+04    1.39948e+05   -6.79694e+03   -9.80979e+05    4.63343e+03
 Position Rest.      Potential    Kinetic En.   Total Energy  Conserved En.
    8.03586e+02   -7.88087e+05    1.33046e+05   -6.55041e+05   -7.72152e+05
    Temperature Pres. DC (bar) Pressure (bar)   Constr. rmsd
    3.00032e+02   -2.09657e+02   -6.23793e+02    3.36963e-06

           Step           Time
         355000      710.00000

   Energies (kJ/mol)
           Bond          Angle    Proper Dih. Per. Imp. Dih.          LJ-14
    2.32705e+03    6.33067e+03    7.86344e+03    3.21535e+02    2.91413e+03
     Coulomb-14        LJ (SR)  Disper. corr.   Coulomb (SR)   Coul. recip.
    3.42013e+04    1.41534e+05   -6.79694e+03   -9.83535e+05    4.81731e+03
 Position Rest.      Potential    Kinetic En.   Total Energy  Conserved En.
    8.34685e+02   -7.89188e+05    1.33874e+05   -6.55314e+05   -7.72192e+05
    Temperature Pres. DC (bar) Pressure (bar)   Constr. rmsd
    3.01899e+02   -2.09657e+02   -3.29592e+02    3.36963e-06

           Step           Time
         360000      720.00000

   Energies (kJ/mol)
           Bond          Angle    Proper Dih. Per. Imp. Dih.          LJ-14
    2.26840e+03    6.46641e+03    7.89430e+03    3.41050e+02    2.86387e+03
     Coulomb-14        LJ (SR)  Disper. corr.   Coulomb (SR)   Coul. recip.
    3.42383e+04    1.39897e+05   -6.79694e+03   -9.80722e+05    4.68830e+03
 Position Rest.      Potential    Kinetic En.   Total Energy  Conserved En.
    8.32797e+02   -7.88029e+05    1.32816e+05   -6.55213e+05   -7.72213e+05
    Temperature Pres. DC (bar) Pressure (bar)   Constr. rmsd
    2.99513e+02   -2.09657e+02   -9.40079e+02    3.36963e-06

           Step           Time
         365000      730.00000

   Energies (kJ/mol)
           Bond          Angle    Proper Dih. Per. Imp. Dih.          LJ-14
    2.29643e+03    6.69977e+03    7.91746e+03    3.50508e+02    2.83707e+03
     Coulomb-14        LJ (SR)  Disper. corr.   Coulomb (SR)   Coul. recip.
    3.40283e+04    1.41608e+05   -6.79694e+03   -9.82234e+05    4.78839e+03
 Position Rest.      Potential    Kinetic En.   Total Energy  Conserved En.
    8.60408e+02   -7.87644e+05    1.32875e+05   -6.54769e+05   -7.72212e+05
    Temperature Pres. DC (bar) Pressure (bar)   Constr. rmsd
    2.99647e+02   -2.09657e+02   -6.87105e+02    3.36963e-06

           Step           Time
         370000      740.00000

   Energies (kJ/mol)
           Bond          Angle    Proper Dih. Per. Imp. Dih.          LJ-14
    2.31498e+03    6.22426e+03    7.94054e+03    3.53910e+02    2.89155e+03
     Coulomb-14        LJ (SR)  Disper. corr.   Coulomb (SR)   Coul. recip.
    3.43593e+04    1.43917e+05   -6.79694e+03   -9.85644e+05    4.67137e+03
 Position Rest.      Potential    Kinetic En.   Total Energy  Conserved En.
    8.04562e+02   -7.88964e+05    1.32131e+05   -6.56833e+05   -7.72231e+05
    Temperature Pres. DC (bar) Pressure (bar)   Constr. rmsd
    2.97968e+02   -2.09657e+02   -5.56105e+02    3.36963e-06

           Step           Time
         375000      750.00000

   Energies (kJ/mol)
           Bond          Angle    Proper Dih. Per. Imp. Dih.          LJ-14
    2.44403e+03    6.12979e+03    7.95055e+03    3.69373e+02    2.86976e+03
     Coulomb-14        LJ (SR)  Disper. corr.   Coulomb (SR)   Coul. recip.
    3.41664e+04    1.41952e+05   -6.79694e+03   -9.83337e+05    4.69087e+03
 Position Rest.      Potential    Kinetic En.   Total Energy  Conserved En.
    7.73939e+02   -7.88788e+05    1.32229e+05   -6.56559e+05   -7.72259e+05
    Temperature Pres. DC (bar) Pressure (bar)   Constr. rmsd
    2.98189e+02   -2.09657e+02   -8.25070e+02    3.36963e-06

           Step           Time
         380000      760.00000

   Energies (kJ/mol)
           Bond          Angle    Proper Dih. Per. Imp. Dih.          LJ-14
    2.43834e+03    6.42188e+03    7.94390e+03    3.54171e+02    2.75890e+03
     Coulomb-14        LJ (SR)  Disper. corr.   Coulomb (SR)   Coul. recip.
    3.42246e+04    1.39504e+05   -6.79694e+03   -9.79344e+05    4.67213e+03
 Position Rest.      Potential    Kinetic En.   Total Energy  Conserved En.
    8.03036e+02   -7.87021e+05    1.33339e+05   -6.53682e+05   -7.72268e+05
    Temperature Pres. DC (bar) Pressure (bar)   Constr. rmsd
    3.00692e+02   -2.09657e+02   -9.13650e+02    3.36963e-06

           Step           Time
         385000      770.00000

   Energies (kJ/mol)
           Bond          Angle    Proper Dih. Per. Imp. Dih.          LJ-14
    2.43646e+03    6.46856e+03    7.92909e+03    3.91527e+02    2.80545e+03
     Coulomb-14        LJ (SR)  Disper. corr.   Coulomb (SR)   Coul. recip.
    3.41891e+04    1.40376e+05   -6.79694e+03   -9.81852e+05    4.64375e+03
 Position Rest.      Potential    Kinetic En.   Total Energy  Conserved En.
    8.09386e+02   -7.88600e+05    1.32550e+05   -6.56050e+05   -7.72281e+05
    Temperature Pres. DC (bar) Pressure (bar)   Constr. rmsd
    2.98914e+02   -2.09657e+02   -5.26111e+02    3.36963e-06

           Step           Time
         390000      780.00000

   Energies (kJ/mol)
           Bond          Angle    Proper Dih. Per. Imp. Dih.          LJ-14
    2.25143e+03    6.10850e+03    7.85151e+03    3.35697e+02    2.83850e+03
     Coulomb-14        LJ (SR)  Disper. corr.   Coulomb (SR)   Coul. recip.
    3.43513e+04    1.41283e+05   -6.79694e+03   -9.82418e+05    4.66856e+03
 Position Rest.      Potential    Kinetic En.   Total Energy  Conserved En.
    8.31554e+02   -7.88696e+05    1.32771e+05   -6.55924e+05   -7.72329e+05
    Temperature Pres. DC (bar) Pressure (bar)   Constr. rmsd
    2.99413e+02   -2.09657e+02   -7.47656e+02    3.36963e-06

           Step           Time
         395000      790.00000

   Energies (kJ/mol)
           Bond          Angle    Proper Dih. Per. Imp. Dih.          LJ-14
    2.15040e+03    6.37009e+03    7.93584e+03    3.70491e+02    2.85340e+03
     Coulomb-14        LJ (SR)  Disper. corr.   Coulomb (SR)   Coul. recip.
    3.42674e+04    1.40872e+05   -6.79694e+03   -9.81232e+05    4.63703e+03
 Position Rest.      Potential    Kinetic En.   Total Energy  Conserved En.
    8.03776e+02   -7.87769e+05    1.32770e+05   -6.54998e+05   -7.72347e+05
    Temperature Pres. DC (bar) Pressure (bar)   Constr. rmsd
    2.99411e+02   -2.09657e+02   -9.10914e+02    3.36963e-06

           Step           Time
         400000      800.00000

   Energies (kJ/mol)
           Bond          Angle    Proper Dih. Per. Imp. Dih.          LJ-14
    2.28509e+03    6.49613e+03    7.93125e+03    3.63370e+02    2.84354e+03
     Coulomb-14        LJ (SR)  Disper. corr.   Coulomb (SR)   Coul. recip.
    3.43175e+04    1.41791e+05   -6.79694e+03   -9.80828e+05    4.64900e+03
 Position Rest.      Potential    Kinetic En.   Total Energy  Conserved En.
    9.04910e+02   -7.86042e+05    1.33260e+05   -6.52782e+05   -7.72337e+05
    Temperature Pres. DC (bar) Pressure (bar)   Constr. rmsd
    3.00514e+02   -2.09657e+02   -2.33464e+02    3.36963e-06

           Step           Time
         405000      810.00000

   Energies (kJ/mol)
           Bond          Angle    Proper Dih. Per. Imp. Dih.          LJ-14
    2.14826e+03    6.38953e+03    7.96548e+03    3.57540e+02    2.88755e+03
     Coulomb-14        LJ (SR)  Disper. corr.   Coulomb (SR)   Coul. recip.
    3.40786e+04    1.40622e+05   -6.79694e+03   -9.80918e+05    4.62227e+03
 Position Rest.      Potential    Kinetic En.   Total Energy  Conserved En.
    8.97076e+02   -7.87747e+05    1.32396e+05   -6.55350e+05   -7.72363e+05
    Temperature Pres. DC (bar) Pressure (bar)   Constr. rmsd
    2.98567e+02   -2.09657e+02   -7.04813e+02    3.36963e-06

           Step           Time
         410000      820.00000

   Energies (kJ/mol)
           Bond          Angle    Proper Dih. Per. Imp. Dih.          LJ-14
    2.15537e+03    6.23656e+03    7.88746e+03    3.46187e+02    2.85397e+03
     Coulomb-14        LJ (SR)  Disper. corr.   Coulomb (SR)   Coul. recip.
    3.44202e+04    1.41100e+05   -6.79694e+03   -9.82793e+05    4.71099e+03
 Position Rest.      Potential    Kinetic En.   Total Energy  Conserved En.
    8.04471e+02   -7.89074e+05    1.31234e+05   -6.57840e+05   -7.72386e+05
    Temperature Pres. DC (bar) Pressure (bar)   Constr. rmsd
    2.95947e+02   -2.09657e+02   -7.36015e+02    3.36963e-06

           Step           Time
         415000      830.00000

   Energies (kJ/mol)
           Bond          Angle    Proper Dih. Per. Imp. Dih.          LJ-14
    2.35075e+03    6.19104e+03    7.85804e+03    3.75789e+02    2.83268e+03
     Coulomb-14        LJ (SR)  Disper. corr.   Coulomb (SR)   Coul. recip.
    3.44725e+04    1.42344e+05   -6.79694e+03   -9.82985e+05    4.67962e+03
 Position Rest.      Potential    Kinetic En.   Total Energy  Conserved En.
    8.19407e+02   -7.87858e+05    1.32961e+05   -6.54897e+05   -7.72403e+05
    Temperature Pres. DC (bar) Pressure (bar)   Constr. rmsd
    2.99841e+02   -2.09657e+02   -7.19735e+02    3.36963e-06

           Step           Time
         420000      840.00000

   Energies (kJ/mol)
           Bond          Angle    Proper Dih. Per. Imp. Dih.          LJ-14
    2.44108e+03    6.44996e+03    7.98542e+03    3.80447e+02    2.84379e+03
     Coulomb-14        LJ (SR)  Disper. corr.   Coulomb (SR)   Coul. recip.
    3.41915e+04    1.41373e+05   -6.79694e+03   -9.82378e+05    4.72686e+03
 Position Rest.      Potential    Kinetic En.   Total Energy  Conserved En.
    9.12958e+02   -7.87870e+05    1.33178e+05   -6.54691e+05   -7.72409e+05
    Temperature Pres. DC (bar) Pressure (bar)   Constr. rmsd
    3.00331e+02   -2.09657e+02   -8.56418e+02    3.36963e-06

           Step           Time
         425000      850.00000

   Energies (kJ/mol)
           Bond          Angle    Proper Dih. Per. Imp. Dih.          LJ-14
    2.43044e+03    6.21575e+03    8.00013e+03    3.48894e+02    2.84460e+03
     Coulomb-14        LJ (SR)  Disper. corr.   Coulomb (SR)   Coul. recip.
    3.42992e+04    1.41655e+05   -6.79694e+03   -9.81045e+05    4.64039e+03
 Position Rest.      Potential    Kinetic En.   Total Energy  Conserved En.
    7.91559e+02   -7.86616e+05    1.33164e+05   -6.53452e+05   -7.72445e+05
    Temperature Pres. DC (bar) Pressure (bar)   Constr. rmsd
    3.00298e+02   -2.09657e+02   -5.30251e+02    3.36963e-06

           Step           Time
         430000      860.00000

   Energies (kJ/mol)
           Bond          Angle    Proper Dih. Per. Imp. Dih.          LJ-14
    2.26848e+03    6.38242e+03    7.87019e+03    3.76050e+02    2.86444e+03
     Coulomb-14        LJ (SR)  Disper. corr.   Coulomb (SR)   Coul. recip.
    3.42164e+04    1.41448e+05   -6.79694e+03   -9.82702e+05    4.56153e+03
 Position Rest.      Potential    Kinetic En.   Total Energy  Conserved En.
    8.76002e+02   -7.88635e+05    1.34364e+05   -6.54271e+05   -7.72474e+05
    Temperature Pres. DC (bar) Pressure (bar)   Constr. rmsd
    3.03004e+02   -2.09657e+02   -9.23606e+02    3.36963e-06

           Step           Time
         435000      870.00000

   Energies (kJ/mol)
           Bond          Angle    Proper Dih. Per. Imp. Dih.          LJ-14
    2.30592e+03    6.36815e+03    7.94031e+03    3.28503e+02    2.88274e+03
     Coulomb-14        LJ (SR)  Disper. corr.   Coulomb (SR)   Coul. recip.
    3.43222e+04    1.41158e+05   -6.79694e+03   -9.81812e+05    4.59580e+03
 Position Rest.      Potential    Kinetic En.   Total Energy  Conserved En.
    7.70911e+02   -7.87936e+05    1.32423e+05   -6.55513e+05   -7.72481e+05
    Temperature Pres. DC (bar) Pressure (bar)   Constr. rmsd
    2.98627e+02   -2.09657e+02   -8.69198e+02    3.36963e-06

           Step           Time
         440000      880.00000

   Energies (kJ/mol)
           Bond          Angle    Proper Dih. Per. Imp. Dih.          LJ-14
    2.26556e+03    6.43990e+03    7.95445e+03    3.15208e+02    2.87485e+03
     Coulomb-14        LJ (SR)  Disper. corr.   Coulomb (SR)   Coul. recip.
    3.41207e+04    1.40565e+05   -6.79694e+03   -9.79500e+05    4.66256e+03
 Position Rest.      Potential    Kinetic En.   Total Energy  Conserved En.
    8.50003e+02   -7.86248e+05    1.32515e+05   -6.53733e+05   -7.72504e+05
    Temperature Pres. DC (bar) Pressure (bar)   Constr. rmsd
    2.98835e+02   -2.09657e+02   -8.54177e+02    3.36963e-06

           Step           Time
         445000      890.00000

   Energies (kJ/mol)
           Bond          Angle    Proper Dih. Per. Imp. Dih.          LJ-14
    2.23228e+03    6.17235e+03    8.00688e+03    3.68301e+02    2.96196e+03
     Coulomb-14        LJ (SR)  Disper. corr.   Coulomb (SR)   Coul. recip.
    3.43014e+04    1.41889e+05   -6.79694e+03   -9.83545e+05    4.71218e+03
 Position Rest.      Potential    Kinetic En.   Total Energy  Conserved En.
    8.40818e+02   -7.88857e+05    1.33067e+05   -6.55790e+05   -7.72560e+05
    Temperature Pres. DC (bar) Pressure (bar)   Constr. rmsd
    3.00080e+02   -2.09657e+02   -5.65638e+02    3.36963e-06

           Step           Time
         450000      900.00000

   Energies (kJ/mol)
           Bond          Angle    Proper Dih. Per. Imp. Dih.          LJ-14
    2.30961e+03    6.44915e+03    7.93844e+03    4.05697e+02    2.85138e+03
     Coulomb-14        LJ (SR)  Disper. corr.   Coulomb (SR)   Coul. recip.
    3.43140e+04    1.41041e+05   -6.79694e+03   -9.81205e+05    4.68205e+03
 Position Rest.      Potential    Kinetic En.   Total Energy  Conserved En.
    7.72632e+02   -7.87238e+05    1.32573e+05   -6.54664e+05   -7.72572e+05
    Temperature Pres. DC (bar) Pressure (bar)   Constr. rmsd
    2.98966e+02   -2.09657e+02   -9.86112e+02    3.36963e-06

           Step           Time
         455000      910.00000

   Energies (kJ/mol)
           Bond          Angle    Proper Dih. Per. Imp. Dih.          LJ-14
    2.37269e+03    6.23965e+03    7.84327e+03    3.14687e+02    2.88419e+03
     Coulomb-14        LJ (SR)  Disper. corr.   Coulomb (SR)   Coul. recip.
    3.42445e+04    1.41146e+05   -6.79694e+03   -9.82650e+05    4.63985e+03
 Position Rest.      Potential    Kinetic En.   Total Energy  Conserved En.
    8.45051e+02   -7.88917e+05    1.32487e+05   -6.56429e+05   -7.72610e+05
    Temperature Pres. DC (bar) Pressure (bar)   Constr. rmsd
    2.98772e+02   -2.09657e+02   -6.06242e+02    3.36963e-06

           Step           Time
         460000      920.00000

   Energies (kJ/mol)
           Bond          Angle    Proper Dih. Per. Imp. Dih.          LJ-14
    2.36378e+03    6.40281e+03    7.90608e+03    3.75123e+02    2.92281e+03
     Coulomb-14        LJ (SR)  Disper. corr.   Coulomb (SR)   Coul. recip.
    3.42659e+04    1.42252e+05   -6.79694e+03   -9.82964e+05    4.67119e+03
 Position Rest.      Potential    Kinetic En.   Total Energy  Conserved En.
    7.60725e+02   -7.87841e+05    1.32837e+05   -6.55004e+05   -7.72607e+05
    Temperature Pres. DC (bar) Pressure (bar)   Constr. rmsd
    2.99560e+02   -2.09657e+02   -5.99041e+02    3.36963e-06

           Step           Time
         465000      930.00000

   Energies (kJ/mol)
           Bond          Angle    Proper Dih. Per. Imp. Dih.          LJ-14
    2.31333e+03    6.48193e+03    7.97423e+03    3.88581e+02    2.90602e+03
     Coulomb-14        LJ (SR)  Disper. corr.   Coulomb (SR)   Coul. recip.
    3.43338e+04    1.40907e+05   -6.79694e+03   -9.80938e+05    4.76105e+03
 Position Rest.      Potential    Kinetic En.   Total Energy  Conserved En.
    8.68781e+02   -7.86800e+05    1.33609e+05   -6.53191e+05   -7.72654e+05
    Temperature Pres. DC (bar) Pressure (bar)   Constr. rmsd
    3.01301e+02   -2.09657e+02   -5.73666e+02    3.36963e-06

           Step           Time
         470000      940.00000

   Energies (kJ/mol)
           Bond          Angle    Proper Dih. Per. Imp. Dih.          LJ-14
    2.29978e+03    6.18132e+03    7.96507e+03    3.63986e+02    2.86224e+03
     Coulomb-14        LJ (SR)  Disper. corr.   Coulomb (SR)   Coul. recip.
    3.41652e+04    1.40789e+05   -6.79694e+03   -9.81465e+05    4.69915e+03
 Position Rest.      Potential    Kinetic En.   Total Energy  Conserved En.
    8.53572e+02   -7.88083e+05    1.33916e+05   -6.54166e+05   -7.72699e+05
    Temperature Pres. DC (bar) Pressure (bar)   Constr. rmsd
    3.01995e+02   -2.09657e+02   -7.83988e+02    3.36963e-06

           Step           Time
         475000      950.00000

   Energies (kJ/mol)
           Bond          Angle    Proper Dih. Per. Imp. Dih.          LJ-14
    2.37292e+03    6.33626e+03    7.97551e+03    3.41394e+02    2.89718e+03
     Coulomb-14        LJ (SR)  Disper. corr.   Coulomb (SR)   Coul. recip.
    3.40558e+04    1.41452e+05   -6.79694e+03   -9.81616e+05    4.59804e+03
 Position Rest.      Potential    Kinetic En.   Total Energy  Conserved En.
    8.65435e+02   -7.87518e+05    1.33180e+05   -6.54339e+05   -7.72726e+05
    Temperature Pres. DC (bar) Pressure (bar)   Constr. rmsd
    3.00333e+02   -2.09657e+02   -5.88953e+02    3.36963e-06

           Step           Time
         480000      960.00000

   Energies (kJ/mol)
           Bond          Angle    Proper Dih. Per. Imp. Dih.          LJ-14
    2.32546e+03    6.42078e+03    7.86533e+03    3.56946e+02    2.81392e+03
     Coulomb-14        LJ (SR)  Disper. corr.   Coulomb (SR)   Coul. recip.
    3.42276e+04    1.39825e+05   -6.79694e+03   -9.78984e+05    4.67900e+03
 Position Rest.      Potential    Kinetic En.   Total Energy  Conserved En.
    9.05339e+02   -7.86361e+05    1.33183e+05   -6.53179e+05   -7.72733e+05
    Temperature Pres. DC (bar) Pressure (bar)   Constr. rmsd
    3.00341e+02   -2.09657e+02   -5.02643e+02    3.36963e-06

           Step           Time
         485000      970.00000

   Energies (kJ/mol)
           Bond          Angle    Proper Dih. Per. Imp. Dih.          LJ-14
    2.34625e+03    6.28051e+03    7.91810e+03    3.36310e+02    2.86840e+03
     Coulomb-14        LJ (SR)  Disper. corr.   Coulomb (SR)   Coul. recip.
    3.44111e+04    1.39487e+05   -6.79694e+03   -9.80180e+05    4.55528e+03
 Position Rest.      Potential    Kinetic En.   Total Energy  Conserved En.
    8.34740e+02   -7.87940e+05    1.33223e+05   -6.54717e+05   -7.72775e+05
    Temperature Pres. DC (bar) Pressure (bar)   Constr. rmsd
    3.00431e+02   -2.09657e+02   -1.00158e+03    3.36963e-06

           Step           Time
         490000      980.00000

   Energies (kJ/mol)
           Bond          Angle    Proper Dih. Per. Imp. Dih.          LJ-14
    2.36038e+03    6.18165e+03    7.89375e+03    3.70174e+02    2.83844e+03
     Coulomb-14        LJ (SR)  Disper. corr.   Coulomb (SR)   Coul. recip.
    3.45755e+04    1.40156e+05   -6.79694e+03   -9.79446e+05    4.61709e+03
 Position Rest.      Potential    Kinetic En.   Total Energy  Conserved En.
    7.55137e+02   -7.86496e+05    1.32379e+05   -6.54117e+05   -7.72807e+05
    Temperature Pres. DC (bar) Pressure (bar)   Constr. rmsd
    2.98528e+02   -2.09657e+02   -1.04945e+03    3.36963e-06

           Step           Time
         495000      990.00000

   Energies (kJ/mol)
           Bond          Angle    Proper Dih. Per. Imp. Dih.          LJ-14
    2.30698e+03    6.31066e+03    7.89638e+03    3.83612e+02    2.89902e+03
     Coulomb-14        LJ (SR)  Disper. corr.   Coulomb (SR)   Coul. recip.
    3.44559e+04    1.40910e+05   -6.79694e+03   -9.80846e+05    4.56975e+03
 Position Rest.      Potential    Kinetic En.   Total Energy  Conserved En.
    8.13145e+02   -7.87097e+05    1.32327e+05   -6.54771e+05   -7.72792e+05
    Temperature Pres. DC (bar) Pressure (bar)   Constr. rmsd
    2.98410e+02   -2.09657e+02   -7.13041e+02    3.36963e-06

           Step           Time
         500000     1000.00000

Writing checkpoint, step 500000 at Sun Jun 14 00:12:13 2026


   Energies (kJ/mol)
           Bond          Angle    Proper Dih. Per. Imp. Dih.          LJ-14
    2.38025e+03    6.26719e+03    7.89685e+03    3.13716e+02    2.90121e+03
     Coulomb-14        LJ (SR)  Disper. corr.   Coulomb (SR)   Coul. recip.
    3.44147e+04    1.39891e+05   -6.79694e+03   -9.79512e+05    4.61794e+03
 Position Rest.      Potential    Kinetic En.   Total Energy  Conserved En.
    8.30424e+02   -7.86796e+05    1.32870e+05   -6.53927e+05   -7.72816e+05
    Temperature Pres. DC (bar) Pressure (bar)   Constr. rmsd
    2.99634e+02   -2.09657e+02   -1.07427e+03    3.36963e-06


Energy conservation over simulation part #1 of length 1000 ps, time 0 to 1000 ps
  Conserved energy drift: -1.57e-05 kJ/mol/ps per atom


	<======  ###############  ==>
	<====  A V E R A G E S  ====>
	<==  ###############  ======>

	Statistics over 500001 steps using 5001 frames

   Energies (kJ/mol)
           Bond          Angle    Proper Dih. Per. Imp. Dih.          LJ-14
    2.30768e+03    6.37156e+03    7.93292e+03    3.56128e+02    2.86713e+03
     Coulomb-14        LJ (SR)  Disper. corr.   Coulomb (SR)   Coul. recip.
    3.42961e+04    1.41130e+05   -6.79694e+03   -9.81621e+05    4.66029e+03
 Position Rest.      Potential    Kinetic En.   Total Energy  Conserved En.
    8.39522e+02   -7.87657e+05    1.33022e+05   -6.54636e+05   -7.71701e+05
    Temperature Pres. DC (bar) Pressure (bar)   Constr. rmsd
    2.99977e+02   -2.09657e+02   -7.15750e+02    0.00000e+00

   Total Virial (kJ/mol)
    5.59658e+04    4.17927e+02    3.22846e+01
    4.17926e+02    5.60617e+04   -3.54271e+02
    3.22834e+01   -3.54275e+02    5.58430e+04

   Pressure (bar)
   -7.17976e+02   -2.48592e+01   -2.38066e+00
   -2.48591e+01   -7.21974e+02    2.31075e+01
   -2.38058e+00    2.31078e+01   -7.07301e+02

      T-Protein  T-non-Protein
    3.00051e+02    2.99971e+02


	M E G A - F L O P S   A C C O U N T I N G

 NB=Group-cutoff nonbonded kernels    NxN=N-by-N cluster Verlet kernels
 RF=Reaction-Field  VdW=Van der Waals  QSTab=quadratic-spline table
 W3=SPC/TIP3p  W4=TIP4p (single or pairs)
 V&F=Potential and force  V=Potential only  F=Force only

 Computing:                               M-Number         M-Flops  % Flops
-----------------------------------------------------------------------------
 Pair Search distance check           25389.218096      228502.963     0.0
 NxN Ewald Elec. + LJ [F]          25214386.310784  1664149496.512    98.2
 NxN Ewald Elec. + LJ [V&F]          254741.722112    27257364.266     1.6
 1,4 nonbonded interactions            4175.508351      375795.752     0.0
 Shift-X                                262.892568        1577.355     0.0
 Bonds                                  777.501555       45872.592     0.0
 Angles                                2902.505805      487620.975     0.0
 Propers                               4533.509067     1038173.576     0.1
 Impropers                              279.000558       58032.116     0.0
 Pos. Restr.                            768.501537       38425.077     0.0
 Virial                                 263.117613        4736.117     0.0
 Stop-CM                                262.945136        2629.451     0.0
 Calc-Ekin                             5256.905136      141936.439     0.0
 Lincs                                    0.003242           0.195     0.0
 Lincs-Mat                                0.018936           0.076     0.0
 Constraint-V                             0.052655           0.474     0.0
 Settle                                   0.032942          12.189     0.0
-----------------------------------------------------------------------------
 Total                                              1693830176.124   100.0
-----------------------------------------------------------------------------


      R E A L   C Y C L E   A N D   T I M E   A C C O U N T I N G

On 1 MPI rank, each using 4 OpenMP threads

 Activity:              Num   Num      Call    Wall time         Giga-Cycles
                        Ranks Threads  Count      (s)         total sum    %
--------------------------------------------------------------------------------
 Neighbor search           1    4       5001      46.693        373.545   9.5
 Launch PP GPU ops.        1    4     995001      28.820        230.557   5.9
 Force                     1    4     500001     128.788       1030.301  26.2
 PME GPU mesh              1    4     500001      28.659        229.268   5.8
 Wait GPU NB local         1    4     500001       3.670         29.362   0.7
 Wait GPU state copy       1    4    1115003     228.176       1825.403  46.4
 NB X/F buffer ops.        1    4       5001       0.563          4.501   0.1
 Write traj.               1    4        101       1.700         13.603   0.3
 Constraints               1    4          2       0.000          0.004   0.0
 GPU constr. setup         1    4          1       0.001          0.006   0.0
 Kinetic energy            1    4     100001      16.880        135.037   3.4
 Rest                                              7.754         62.036   1.6
--------------------------------------------------------------------------------
 Total                                           491.703       3933.623 100.0
--------------------------------------------------------------------------------
 Breakdown of PME mesh activities
--------------------------------------------------------------------------------
 Wait PME GPU gather       1    4     500001       0.135          1.076   0.0
 Reduce GPU PME F          1    4     500001       0.127          1.017   0.0
 Launch PME GPU ops.       1    4    4000013      27.388        219.107   5.6
--------------------------------------------------------------------------------

               Core t (s)   Wall t (s)        (%)
       Time:     1966.807      491.703      400.0
                 (ns/day)    (hour/ns)
Performance:      175.716        0.137
Finished mdrun on rank 0 Sun Jun 14 00:12:13 2026

